Component: ARM Compiler 5.06 update 6 (build 750) Tool: armlink [4d35ed]

==============================================================================

Section Cross References

    startup_stm32f407xx.o(STACK) refers (Special) to heapauxi.o(.text) for __use_two_region_memory
    startup_stm32f407xx.o(HEAP) refers (Special) to heapauxi.o(.text) for __use_two_region_memory
    startup_stm32f407xx.o(RESET) refers (Special) to heapauxi.o(.text) for __use_two_region_memory
    startup_stm32f407xx.o(RESET) refers to startup_stm32f407xx.o(STACK) for __initial_sp
    startup_stm32f407xx.o(RESET) refers to startup_stm32f407xx.o(.text) for Reset_Handler
    startup_stm32f407xx.o(RESET) refers to stm32f4xx_it.o(i.NMI_Handler) for NMI_Handler
    startup_stm32f407xx.o(RESET) refers to stm32f4xx_it.o(i.HardFault_Handler) for HardFault_Handler
    startup_stm32f407xx.o(RESET) refers to stm32f4xx_it.o(i.MemManage_Handler) for MemManage_Handler
    startup_stm32f407xx.o(RESET) refers to stm32f4xx_it.o(i.BusFault_Handler) for BusFault_Handler
    startup_stm32f407xx.o(RESET) refers to stm32f4xx_it.o(i.UsageFault_Handler) for UsageFault_Handler
    startup_stm32f407xx.o(RESET) refers to stm32f4xx_it.o(i.SVC_Handler) for SVC_Handler
    startup_stm32f407xx.o(RESET) refers to stm32f4xx_it.o(i.DebugMon_Handler) for DebugMon_Handler
    startup_stm32f407xx.o(RESET) refers to stm32f4xx_it.o(i.PendSV_Handler) for PendSV_Handler
    startup_stm32f407xx.o(RESET) refers to stm32f4xx_it.o(i.SysTick_Handler) for SysTick_Handler
    startup_stm32f407xx.o(RESET) refers to stm32f4xx_it.o(i.OTG_FS_IRQHandler) for OTG_FS_IRQHandler
    startup_stm32f407xx.o(.text) refers (Special) to heapauxi.o(.text) for __use_two_region_memory
    startup_stm32f407xx.o(.text) refers to system_stm32f4xx.o(i.SystemInit) for SystemInit
    startup_stm32f407xx.o(.text) refers to __main.o(!!!main) for __main
    startup_stm32f407xx.o(.text) refers to startup_stm32f407xx.o(HEAP) for Heap_Mem
    startup_stm32f407xx.o(.text) refers to startup_stm32f407xx.o(STACK) for Stack_Mem
    main.o(i.SystemClock_Config) refers to rt_memclr_w.o(.text) for __aeabi_memclr4
    main.o(i.SystemClock_Config) refers to stm32f4xx_hal_rcc.o(i.HAL_RCC_OscConfig) for HAL_RCC_OscConfig
    main.o(i.SystemClock_Config) refers to stm32f4xx_hal_rcc.o(i.HAL_RCC_ClockConfig) for HAL_RCC_ClockConfig
    main.o(i.main) refers to stm32f4xx_hal.o(i.HAL_Init) for HAL_Init
    main.o(i.main) refers to main.o(i.SystemClock_Config) for SystemClock_Config
    main.o(i.main) refers to usb_device.o(i.MX_USB_DEVICE_Init) for MX_USB_DEVICE_Init
    stm32f4xx_it.o(i.OTG_FS_IRQHandler) refers to stm32f4xx_hal_pcd.o(i.HAL_PCD_IRQHandler) for HAL_PCD_IRQHandler
    stm32f4xx_it.o(i.OTG_FS_IRQHandler) refers to usbd_conf.o(.bss) for hpcd_USB_OTG_FS
    stm32f4xx_it.o(i.SysTick_Handler) refers to stm32f4xx_hal.o(i.HAL_IncTick) for HAL_IncTick
    usb_device.o(i.MX_USB_DEVICE_Init) refers to usbd_core.o(i.USBD_Init) for USBD_Init
    usb_device.o(i.MX_USB_DEVICE_Init) refers to main.o(i.Error_Handler) for Error_Handler
    usb_device.o(i.MX_USB_DEVICE_Init) refers to usbd_core.o(i.USBD_RegisterClass) for USBD_RegisterClass
    usb_device.o(i.MX_USB_DEVICE_Init) refers to usbd_msc.o(i.USBD_MSC_RegisterStorage) for USBD_MSC_RegisterStorage
    usb_device.o(i.MX_USB_DEVICE_Init) refers to usbd_core.o(i.USBD_Start) for USBD_Start
    usb_device.o(i.MX_USB_DEVICE_Init) refers to usbd_desc.o(.data) for FS_Desc
    usb_device.o(i.MX_USB_DEVICE_Init) refers to usb_device.o(.bss) for .bss
    usb_device.o(i.MX_USB_DEVICE_Init) refers to usbd_msc.o(.data) for USBD_MSC
    usb_device.o(i.MX_USB_DEVICE_Init) refers to usbd_storage_if.o(.data) for USBD_Storage_Interface_fops_FS
    usbd_desc.o(i.USBD_FS_ConfigStrDescriptor) refers to usbd_ctlreq.o(i.USBD_GetString) for USBD_GetString
    usbd_desc.o(i.USBD_FS_ConfigStrDescriptor) refers to usbd_desc.o(.bss) for .bss
    usbd_desc.o(i.USBD_FS_DeviceDescriptor) refers to usbd_desc.o(.data) for .data
    usbd_desc.o(i.USBD_FS_InterfaceStrDescriptor) refers to usbd_ctlreq.o(i.USBD_GetString) for USBD_GetString
    usbd_desc.o(i.USBD_FS_InterfaceStrDescriptor) refers to usbd_desc.o(.bss) for .bss
    usbd_desc.o(i.USBD_FS_LangIDStrDescriptor) refers to usbd_desc.o(.data) for .data
    usbd_desc.o(i.USBD_FS_ManufacturerStrDescriptor) refers to usbd_ctlreq.o(i.USBD_GetString) for USBD_GetString
    usbd_desc.o(i.USBD_FS_ManufacturerStrDescriptor) refers to usbd_desc.o(.bss) for .bss
    usbd_desc.o(i.USBD_FS_ProductStrDescriptor) refers to usbd_ctlreq.o(i.USBD_GetString) for USBD_GetString
    usbd_desc.o(i.USBD_FS_ProductStrDescriptor) refers to usbd_desc.o(.bss) for .bss
    usbd_desc.o(i.USBD_FS_SerialStrDescriptor) refers to usbd_desc.o(i.IntToUnicode) for IntToUnicode
    usbd_desc.o(i.USBD_FS_SerialStrDescriptor) refers to usbd_desc.o(.data) for .data
    usbd_desc.o(.data) refers to usbd_desc.o(i.USBD_FS_DeviceDescriptor) for USBD_FS_DeviceDescriptor
[...]
    STORAGE_GetCapacity_FS                   0x08002765   Thumb Code    14  usbd_storage_if.o(i.STORAGE_GetCapacity_FS)
    i.STORAGE_GetMaxLun_FS                   0x08002772   Section        0  usbd_storage_if.o(i.STORAGE_GetMaxLun_FS)
    STORAGE_GetMaxLun_FS                     0x08002773   Thumb Code     4  usbd_storage_if.o(i.STORAGE_GetMaxLun_FS)
    i.STORAGE_Init_FS                        0x08002776   Section        0  usbd_storage_if.o(i.STORAGE_Init_FS)
    STORAGE_Init_FS                          0x08002777   Thumb Code     4  usbd_storage_if.o(i.STORAGE_Init_FS)
    i.STORAGE_IsReady_FS                     0x0800277a   Section        0  usbd_storage_if.o(i.STORAGE_IsReady_FS)
    STORAGE_IsReady_FS                       0x0800277b   Thumb Code     4  usbd_storage_if.o(i.STORAGE_IsReady_FS)
    i.STORAGE_IsWriteProtected_FS            0x0800277e   Section        0  usbd_storage_if.o(i.STORAGE_IsWriteProtected_FS)
    STORAGE_IsWriteProtected_FS              0x0800277f   Thumb Code     4  usbd_storage_if.o(i.STORAGE_IsWriteProtected_FS)
    i.STORAGE_Read_FS                        0x08002784   Section        0  usbd_storage_if.o(i.STORAGE_Read_FS)
    STORAGE_Read_FS                          0x08002785   Thumb Code    20  usbd_storage_if.o(i.STORAGE_Read_FS)
    i.STORAGE_Write_FS                       0x0800279c   Section        0  usbd_storage_if.o(i.STORAGE_Write_FS)
    STORAGE_Write_FS                         0x0800279d   Thumb Code    18  usbd_storage_if.o(i.STORAGE_Write_FS)
    i.SVC_Handler                            0x080027b4   Section        0  stm32f4xx_it.o(i.SVC_Handler)
    i.SWAPBYTE                               0x080027b6   Section        0  usbd_ctlreq.o(i.SWAPBYTE)
    SWAPBYTE                                 0x080027b7   Thumb Code    10  usbd_ctlreq.o(i.SWAPBYTE)
    i.SysTick_Handler                        0x080027c0   Section        0  stm32f4xx_it.o(i.SysTick_Handler)
    i.SystemClock_Config                     0x080027c4   Section        0  main.o(i.SystemClock_Config)
    i.SystemInit                             0x08002858   Section        0  system_stm32f4xx.o(i.SystemInit)
    i.USBD_ClrClassConfig                    0x08002868   Section        0  usbd_core.o(i.USBD_ClrClassConfig)
    i.USBD_CoreFindEP                        0x0800287c   Section        0  usbd_core.o(i.USBD_CoreFindEP)
    i.USBD_CoreFindIF                        0x08002880   Section        0  usbd_core.o(i.USBD_CoreFindIF)
    i.USBD_CtlContinueRx                     0x08002884   Section        0  usbd_ioreq.o(i.USBD_CtlContinueRx)
    i.USBD_CtlContinueSendData               0x08002894   Section        0  usbd_ioreq.o(i.USBD_CtlContinueSendData)
    i.USBD_CtlError                          0x080028a4   Section        0  usbd_ctlreq.o(i.USBD_CtlError)
    i.USBD_CtlReceiveStatus                  0x080028ba   Section        0  usbd_ioreq.o(i.USBD_CtlReceiveStatus)
    i.USBD_CtlSendData                       0x080028d0   Section        0  usbd_ioreq.o(i.USBD_CtlSendData)
    i.USBD_CtlSendStatus                     0x080028ea   Section        0  usbd_ioreq.o(i.USBD_CtlSendStatus)
    i.USBD_FS_ConfigStrDescriptor            0x08002900   Section        0  usbd_desc.o(i.USBD_FS_ConfigStrDescriptor)
    i.USBD_FS_DeviceDescriptor               0x08002920   Section        0  usbd_desc.o(i.USBD_FS_DeviceDescriptor)
    i.USBD_FS_InterfaceStrDescriptor         0x0800292c   Section        0  usbd_desc.o(i.USBD_FS_InterfaceStrDescriptor)
    i.USBD_FS_LangIDStrDescriptor            0x08002950   Section        0  usbd_desc.o(i.USBD_FS_LangIDStrDescriptor)
    i.USBD_FS_ManufacturerStrDescriptor      0x0800295c   Section        0  usbd_desc.o(i.USBD_FS_ManufacturerStrDescriptor)
    i.USBD_FS_ProductStrDescriptor           0x08002984   Section        0  usbd_desc.o(i.USBD_FS_ProductStrDescriptor)
    i.USBD_FS_SerialStrDescriptor            0x080029ac   Section        0  usbd_desc.o(i.USBD_FS_SerialStrDescriptor)
    i.USBD_GetDescriptor                     0x080029e4   Section        0  usbd_ctlreq.o(i.USBD_GetDescriptor)
    USBD_GetDescriptor                       0x080029e5   Thumb Code   230  usbd_ctlreq.o(i.USBD_GetDescriptor)
    i.USBD_GetEpDesc                         0x08002aca   Section        0  usbd_core.o(i.USBD_GetEpDesc)
    i.USBD_GetNextDesc                       0x08002b04   Section        0  usbd_core.o(i.USBD_GetNextDesc)
    i.USBD_GetString                         0x08002b12   Section        0  usbd_ctlreq.o(i.USBD_GetString)
    i.USBD_Get_USB_Status                    0x08002b5a   Section        0  usbd_conf.o(i.USBD_Get_USB_Status)
    i.USBD_Init                              0x08002b72   Section        0  usbd_core.o(i.USBD_Init)
    i.USBD_LL_ClearStallEP                   0x08002b98   Section        0  usbd_conf.o(i.USBD_LL_ClearStallEP)
    i.USBD_LL_CloseEP                        0x08002baa   Section        0  usbd_conf.o(i.USBD_LL_CloseEP)
    i.USBD_LL_DataInStage                    0x08002bbc   Section        0  usbd_core.o(i.USBD_LL_DataInStage)
    i.USBD_LL_DataOutStage                   0x08002c72   Section        0  usbd_core.o(i.USBD_LL_DataOutStage)
    i.USBD_LL_DevConnected                   0x08002d00   Section        0  usbd_core.o(i.USBD_LL_DevConnected)
    i.USBD_LL_DevDisconnected                0x08002d04   Section        0  usbd_core.o(i.USBD_LL_DevDisconnected)
    i.USBD_LL_FlushEP                        0x08002d22   Section        0  usbd_conf.o(i.USBD_LL_FlushEP)
    i.USBD_LL_GetRxDataSize                  0x08002d34   Section        0  usbd_conf.o(i.USBD_LL_GetRxDataSize)
    i.USBD_LL_Init                           0x08002d3c   Section        0  usbd_conf.o(i.USBD_LL_Init)
    i.USBD_LL_IsStallEP                      0x08002d9c   Section        0  usbd_conf.o(i.USBD_LL_IsStallEP)
    i.USBD_LL_IsoINIncomplete                0x08002dbc   Section        0  usbd_core.o(i.USBD_LL_IsoINIncomplete)
    i.USBD_LL_IsoOUTIncomplete               0x08002de4   Section        0  usbd_core.o(i.USBD_LL_IsoOUTIncomplete)
    i.USBD_LL_OpenEP                         0x08002e0c   Section        0  usbd_conf.o(i.USBD_LL_OpenEP)
    i.USBD_LL_PrepareReceive                 0x08002e24   Section        0  usbd_conf.o(i.USBD_LL_PrepareReceive)
    i.USBD_LL_Reset                          0x08002e36   Section        0  usbd_core.o(i.USBD_LL_Reset)
    i.USBD_LL_Resume                         0x08002e92   Section        0  usbd_core.o(i.USBD_LL_Resume)
    i.USBD_LL_SOF                            0x08002ea6   Section        0  usbd_core.o(i.USBD_LL_SOF)
    i.USBD_LL_SetSpeed                       0x08002ec0   Section        0  usbd_core.o(i.USBD_LL_SetSpeed)
    i.USBD_LL_SetUSBAddress                  0x08002ec6   Section        0  usbd_conf.o(i.USBD_LL_SetUSBAddress)
    i.USBD_LL_SetupStage                     0x08002ed8   Section        0  usbd_core.o(i.USBD_LL_SetupStage)
    i.USBD_LL_StallEP                        0x08002f38   Section        0  usbd_conf.o(i.USBD_LL_StallEP)
    i.USBD_LL_Start                          0x08002f4a   Section        0  usbd_conf.o(i.USBD_LL_Start)
    i.USBD_LL_Suspend                        0x08002f5c   Section        0  usbd_core.o(i.USBD_LL_Suspend)
    i.USBD_LL_Transmit                       0x08002f6e   Section        0  usbd_conf.o(i.USBD_LL_Transmit)
    i.USBD_MSC_DataIn                        0x08002f80   Section        0  usbd_msc.o(i.USBD_MSC_DataIn)
    i.USBD_MSC_DataOut                       0x08002f8a   Section        0  usbd_msc.o(i.USBD_MSC_DataOut)
    i.USBD_MSC_DeInit                        0x08002f94   Section        0  usbd_msc.o(i.USBD_MSC_DeInit)
    i.USBD_MSC_GetDeviceQualifierDescriptor  0x08003008   Section        0  usbd_msc.o(i.USBD_MSC_GetDeviceQualifierDescriptor)
    i.USBD_MSC_GetFSCfgDesc                  0x08003014   Section        0  usbd_msc.o(i.USBD_MSC_GetFSCfgDesc)
    i.USBD_MSC_GetHSCfgDesc                  0x08003040   Section        0  usbd_msc.o(i.USBD_MSC_GetHSCfgDesc)
    i.USBD_MSC_GetOtherSpeedCfgDesc          0x08003070   Section        0  usbd_msc.o(i.USBD_MSC_GetOtherSpeedCfgDesc)
    i.USBD_MSC_Init                          0x0800309c   Section        0  usbd_msc.o(i.USBD_MSC_Init)
    i.USBD_MSC_RegisterStorage               0x08003148   Section        0  usbd_msc.o(i.USBD_MSC_RegisterStorage)
    i.USBD_MSC_Setup                         0x0800315e   Section        0  usbd_msc.o(i.USBD_MSC_Setup)
    i.USBD_ParseSetupRequest                 0x0800323a   Section        0  usbd_ctlreq.o(i.USBD_ParseSetupRequest)
    i.USBD_RegisterClass                     0x08003266   Section        0  usbd_core.o(i.USBD_RegisterClass)
    i.USBD_SetClassConfig                    0x080032a0   Section        0  usbd_core.o(i.USBD_SetClassConfig)
    i.USBD_SetConfig                         0x080032b4   Section        0  usbd_ctlreq.o(i.USBD_SetConfig)
    USBD_SetConfig                           0x080032b5   Thumb Code   180  usbd_ctlreq.o(i.USBD_SetConfig)
    i.USBD_Start                             0x0800336c   Section        0  usbd_core.o(i.USBD_Start)
    i.USBD_StdDevReq                         0x08003370   Section        0  usbd_ctlreq.o(i.USBD_StdDevReq)
    i.USBD_StdEPReq                          0x0800349c   Section        0  usbd_ctlreq.o(i.USBD_StdEPReq)
    i.USBD_StdItfReq                         0x080035fc   Section        0  usbd_ctlreq.o(i.USBD_StdItfReq)
    i.USBD_static_free                       0x0800366e   Section        0  usbd_conf.o(i.USBD_static_free)
    i.USBD_static_malloc                     0x08003670   Section        0  usbd_conf.o(i.USBD_static_malloc)
    i.USB_ActivateEndpoint                   0x08003678   Section        0  stm32f4xx_ll_usb.o(i.USB_ActivateEndpoint)
    i.USB_ActivateSetup                      0x080036f8   Section        0  stm32f4xx_ll_usb.o(i.USB_ActivateSetup)
    i.USB_CoreInit                           0x08003714   Section        0  stm32f4xx_ll_usb.o(i.USB_CoreInit)
    i.USB_CoreReset                          0x08003788   Section        0  stm32f4xx_ll_usb.o(i.USB_CoreReset)
    USB_CoreReset                            0x08003789   Thumb Code    58  stm32f4xx_ll_usb.o(i.USB_CoreReset)
    i.USB_DeactivateEndpoint                 0x080037c8   Section        0  stm32f4xx_ll_usb.o(i.USB_DeactivateEndpoint)
    i.USB_DevConnect                         0x08003894   Section        0  stm32f4xx_ll_usb.o(i.USB_DevConnect)
    i.USB_DevDisconnect                      0x080038b0   Section        0  stm32f4xx_ll_usb.o(i.USB_DevDisconnect)
    i.USB_DevInit                            0x080038cc   Section        0  stm32f4xx_ll_usb.o(i.USB_DevInit)
    i.USB_DisableGlobalInt                   0x08003a40   Section        0  stm32f4xx_ll_usb.o(i.USB_DisableGlobalInt)
    i.USB_EP0StartXfer                       0x08003a4c   Section        0  stm32f4xx_ll_usb.o(i.USB_EP0StartXfer)
    i.USB_EP0_OutStart                       0x08003b68   Section        0  stm32f4xx_ll_usb.o(i.USB_EP0_OutStart)
    i.USB_EPClearStall                       0x08003bc0   Section        0  stm32f4xx_ll_usb.o(i.USB_EPClearStall)
    i.USB_EPSetStall                         0x08003c18   Section        0  stm32f4xx_ll_usb.o(i.USB_EPSetStall)
    i.USB_EPStartXfer                        0x08003c70   Section        0  stm32f4xx_ll_usb.o(i.USB_EPStartXfer)
    i.USB_EPStopXfer                         0x08003e54   Section        0  stm32f4xx_ll_usb.o(i.USB_EPStopXfer)
    i.USB_EnableGlobalInt                    0x08003ef2   Section        0  stm32f4xx_ll_usb.o(i.USB_EnableGlobalInt)
    i.USB_FlushRxFifo                        0x08003f00   Section        0  stm32f4xx_ll_usb.o(i.USB_FlushRxFifo)
    i.USB_FlushTxFifo                        0x08003f3c   Section        0  stm32f4xx_ll_usb.o(i.USB_FlushTxFifo)
    i.USB_GetDevSpeed                        0x08003f7c   Section        0  stm32f4xx_ll_usb.o(i.USB_GetDevSpeed)
    i.USB_GetMode                            0x08003f96   Section        0  stm32f4xx_ll_usb.o(i.USB_GetMode)
    i.USB_ReadDevAllInEpInterrupt            0x08003f9e   Section        0  stm32f4xx_ll_usb.o(i.USB_ReadDevAllInEpInterrupt)
    i.USB_ReadDevAllOutEpInterrupt           0x08003fac   Section        0  stm32f4xx_ll_usb.o(i.USB_ReadDevAllOutEpInterrupt)
    i.USB_ReadDevInEPInterrupt               0x08003fba   Section        0  stm32f4xx_ll_usb.o(i.USB_ReadDevInEPInterrupt)
    i.USB_ReadDevOutEPInterrupt              0x08003fde   Section        0  stm32f4xx_ll_usb.o(i.USB_ReadDevOutEPInterrupt)
    i.USB_ReadInterrupts                     0x08003fee   Section        0  stm32f4xx_ll_usb.o(i.USB_ReadInterrupts)
    i.USB_ReadPacket                         0x08003ff6   Section        0  stm32f4xx_ll_usb.o(i.USB_ReadPacket)
    i.USB_SetCurrentMode                     0x08004034   Section        0  stm32f4xx_ll_usb.o(i.USB_SetCurrentMode)
    i.USB_SetDevAddress                      0x08004090   Section        0  stm32f4xx_ll_usb.o(i.USB_SetDevAddress)
    i.USB_SetTurnaroundTime                  0x080040b4   Section        0  stm32f4xx_ll_usb.o(i.USB_SetTurnaroundTime)
    i.USB_WritePacket                        0x0800419c   Section        0  stm32f4xx_ll_usb.o(i.USB_WritePacket)
    i.UsageFault_Handler                     0x080041c4   Section        0  stm32f4xx_it.o(i.UsageFault_Handler)
    i.__NVIC_SetPriority                     0x080041c6   Section        0  stm32f4xx_hal_cortex.o(i.__NVIC_SetPriority)
    __NVIC_SetPriority                       0x080041c7   Thumb Code    32  stm32f4xx_hal_cortex.o(i.__NVIC_SetPriority)
    i.main                                   0x080041e8   Section        0  main.o(i.main)
    x$fpl$fpinit                             0x08004220   Section       10  fpinit.o(x$fpl$fpinit)
    $v0                                      0x08004220   Number         0  fpinit.o(x$fpl$fpinit)
    .constdata                               0x0800422a   Section       36  usbd_storage_if.o(.constdata)
    .constdata                               0x0800424e   Section       16  system_stm32f4xx.o(.constdata)
    .bss                                     0x20000000   Section      512  usbd_desc.o(.bss)
    .bss                                     0x20000200   Section    102400  usbd_storage_if.o(.bss)
    .data                                    0x2001c000   Section       28  usbd_desc.o(.data)
    .data                                    0x2001c01c   Section       50  usbd_desc.o(.data)
    .data                                    0x2001c050   Section       32  usbd_storage_if.o(.data)
    .data                                    0x2001c070   Section       12  stm32f4xx_hal.o(.data)
    .data                                    0x2001c07c   Section        4  system_stm32f4xx.o(.data)
    .data                                    0x2001c080   Section        1  usbd_ctlreq.o(.data)
    cfgidx                                   0x2001c080   Data           1  usbd_ctlreq.o(.data)
    .data                                    0x2001c084   Section       56  usbd_msc.o(.data)
    .data                                    0x2001c0bc   Section       46  usbd_msc.o(.data)
    USBD_MSC_CfgDesc                         0x2001c0c0   Data          32  usbd_msc.o(.data)
    USBD_MSC_DeviceQualifierDesc             0x2001c0e0   Data          10  usbd_msc.o(.data)
    .data                                    0x2001c0ea   Section        6  usbd_msc_data.o(.data)
    .data                                    0x2001c0f0   Section        8  usbd_msc_data.o(.data)
    .data                                    0x2001c0f8   Section       23  usbd_msc_data.o(.data)
    .data                                    0x2001c10f   Section       27  usbd_msc_data.o(.data)
    .bss                                     0x2001c12c   Section      732  usb_device.o(.bss)
    .bss                                     0x2001c408   Section     1924  usbd_conf.o(.bss)
    mem                                      0x2001c408   Data         632  usbd_conf.o(.bss)
    .bss                                     0x2001cb8c   Section       96  libspace.o(.bss)
    HEAP                                     0x2001cbf0   Section      512  startup_stm32f407xx.o(HEAP)
    Heap_Mem                                 0x2001cbf0   Data         512  startup_stm32f407xx.o(HEAP)
    STACK                                    0x2001cdf0   Section     1024  startup_stm32f407xx.o(STACK)
    Stack_Mem                                0x2001cdf0   Data        1024  startup_stm32f407xx.o(STACK)
    __initial_sp                             0x2001d1f0   Data           0  startup_stm32f407xx.o(STACK)

    Global Symbols

    Symbol Name                              Value     Ov Type        Size  Object(Section)

    BuildAttributes$$THM_ISAv4$E$P$D$K$B$S$7EM$VFPi3$EXTD16$VFPS$VFMA$PE$A:L22UL41UL21$X:L11$S22US41US21$IEEE1$IW$USESV6$~STKCKD$USESV7$~SHL$OSPACE$ROPI$EBA8$UX$STANDARDLIB$REQ8$PRES8$EABIv2 0x00000000   Number         0  anon$$obj.o ABSOLUTE
    __ARM_use_no_argv                        0x00000000   Number         0  main.o ABSOLUTE
    __ARM_exceptions_init                     - Undefined Weak Reference
    __alloca_initialize                       - Undefined Weak Reference
    __arm_preinit_                            - Undefined Weak Reference
    __cpp_initialize__aeabi_                  - Undefined Weak Reference
    __cxa_finalize                            - Undefined Weak Reference
    __rt_locale                               - Undefined Weak Reference
    __sigvec_lookup                           - Undefined Weak Reference
    _atexit_init                              - Undefined Weak Reference
    _call_atexit_fns                          - Undefined Weak Reference
    _clock_init                               - Undefined Weak Reference
    _fp_trap_init                             - Undefined Weak Reference
    _fp_trap_shutdown                         - Undefined Weak Reference
    _get_lc_collate                           - Undefined Weak Reference
    _get_lc_ctype                             - Undefined Weak Reference
    _get_lc_monetary                          - Undefined Weak Reference
    _get_lc_numeric                           - Undefined Weak Reference
    _get_lc_time                              - Undefined Weak Reference
    _getenv_init                              - Undefined Weak Reference
    _handle_redirection                       - Undefined Weak Reference
    _init_alloc                               - Undefined Weak Reference
    _init_user_alloc                          - Undefined Weak Reference
    _initio                                   - Undefined Weak Reference
    _rand_init                                - Undefined Weak Reference
    _signal_finish                            - Undefined Weak Reference
    _signal_init                              - Undefined Weak Reference
    _terminate_alloc                          - Undefined Weak Reference
    _terminate_user_alloc                     - Undefined Weak Reference
    _terminateio                              - Undefined Weak Reference
    __Vectors_Size                           0x00000188   Number         0  startup_stm32f407xx.o ABSOLUTE
    __Vectors                                0x08000000   Data           4  startup_stm32f407xx.o(RESET)
    __Vectors_End                            0x08000188   Data           0  startup_stm32f407xx.o(RESET)
    __main                                   0x08000189   Thumb Code     8  __main.o(!!!main)
    __scatterload                            0x08000191   Thumb Code     0  __scatter.o(!!!scatter)
    __scatterload_rt2                        0x08000191   Thumb Code    44  __scatter.o(!!!scatter)
    __scatterload_rt2_thumb_only             0x08000191   Thumb Code     0  __scatter.o(!!!scatter)
    __scatterload_null                       0x0800019f   Thumb Code     0  __scatter.o(!!!scatter)
    __decompress                             0x080001c5   Thumb Code    90  __dczerorl2.o(!!dczerorl2)
    __decompress1                            0x080001c5   Thumb Code     0  __dczerorl2.o(!!dczerorl2)
    __scatterload_zeroinit                   0x08000221   Thumb Code    28  __scatter_zi.o(!!handler_zi)
    __rt_lib_init                            0x0800023d   Thumb Code     0  libinit.o(.ARM.Collect$$libinit$$00000000)
    __rt_lib_init_fp_1                       0x0800023f   Thumb Code     0  libinit2.o(.ARM.Collect$$libinit$$00000001)
    __rt_lib_init_alloca_1                   0x08000243   Thumb Code     0  libinit2.o(.ARM.Collect$$libinit$$0000002E)
    __rt_lib_init_argv_1                     0x08000243   Thumb Code     0  libinit2.o(.ARM.Collect$$libinit$$0000002C)
    __rt_lib_init_atexit_1                   0x08000243   Thumb Code     0  libinit2.o(.ARM.Collect$$libinit$$0000001B)
    __rt_lib_init_clock_1                    0x08000243   Thumb Code     0  libinit2.o(.ARM.Collect$$libinit$$00000021)
    __rt_lib_init_cpp_1                      0x08000243   Thumb Code     0  libinit2.o(.ARM.Collect$$libinit$$00000032)
    __rt_lib_init_exceptions_1               0x08000243   Thumb Code     0  libinit2.o(.ARM.Collect$$libinit$$00000030)
    __rt_lib_init_fp_trap_1                  0x08000243   Thumb Code     0  libinit2.o(.ARM.Collect$$libinit$$0000001F)
    __rt_lib_init_getenv_1                   0x08000243   Thumb Code     0  libinit2.o(.ARM.Collect$$libinit$$00000023)
    __rt_lib_init_heap_1                     0x08000243   Thumb Code     0  libinit2.o(.ARM.Collect$$libinit$$0000000A)
    __rt_lib_init_lc_collate_1               0x08000243   Thumb Code     0  libinit2.o(.ARM.Collect$$libinit$$00000011)
    __rt_lib_init_lc_ctype_1                 0x08000243   Thumb Code     0  libinit2.o(.ARM.Collect$$libinit$$00000013)
    __rt_lib_init_lc_monetary_1              0x08000243   Thumb Code     0  libinit2.o(.ARM.Collect$$libinit$$00000015)
    __rt_lib_init_lc_numeric_1               0x08000243   Thumb Code     0  libinit2.o(.ARM.Collect$$libinit$$00000017)
    __rt_lib_init_lc_time_1                  0x08000243   Thumb Code     0  libinit2.o(.ARM.Collect$$libinit$$00000019)
    __rt_lib_init_preinit_1                  0x08000243   Thumb Code     0  libinit2.o(.ARM.Collect$$libinit$$00000004)
    __rt_lib_init_rand_1                     0x08000243   Thumb Code     0  libinit2.o(.ARM.Collect$$libinit$$0000000E)
    __rt_lib_init_return                     0x08000243   Thumb Code     0  libinit2.o(.ARM.Collect$$libinit$$00000033)
    __rt_lib_init_signal_1                   0x08000243   Thumb Code     0  libinit2.o(.ARM.Collect$$libinit$$0000001D)
    __rt_lib_init_stdio_1                    0x08000243   Thumb Code     0  libinit2.o(.ARM.Collect$$libinit$$00000025)
    __rt_lib_init_user_alloc_1               0x08000243   Thumb Code     0  libinit2.o(.ARM.Collect$$libinit$$0000000C)
    __rt_lib_shutdown                        0x08000245   Thumb Code     0  libshutdown.o(.ARM.Collect$$libshutdown$$00000000)
    __rt_lib_shutdown_cpp_1                  0x08000247   Thumb Code     0  libshutdown2.o(.ARM.Collect$$libshutdown$$00000002)
    __rt_lib_shutdown_fp_trap_1              0x08000247   Thumb Code     0  libshutdown2.o(.ARM.Collect$$libshutdown$$00000007)
    __rt_lib_shutdown_heap_1                 0x08000247   Thumb Code     0  libshutdown2.o(.ARM.Collect$$libshutdown$$0000000F)
    __rt_lib_shutdown_return                 0x08000247   Thumb Code     0  libshutdown2.o(.ARM.Collect$$libshutdown$$00000010)
    __rt_lib_shutdown_signal_1               0x08000247   Thumb Code     0  libshutdown2.o(.ARM.Collect$$libshutdown$$0000000A)
    __rt_lib_shutdown_stdio_1                0x08000247   Thumb Code     0  libshutdown2.o(.ARM.Collect$$libshutdown$$00000004)
    __rt_lib_shutdown_user_alloc_1           0x08000247   Thumb Code     0  libshutdown2.o(.ARM.Collect$$libshutdown$$0000000C)
    __rt_entry                               0x08000249   Thumb Code     0  __rtentry.o(.ARM.Collect$$rtentry$$00000000)
    __rt_entry_presh_1                       0x08000249   Thumb Code     0  __rtentry2.o(.ARM.Collect$$rtentry$$00000002)
    __rt_entry_sh                            0x08000249   Thumb Code     0  __rtentry4.o(.ARM.Collect$$rtentry$$00000004)
    __rt_entry_li                            0x0800024f   Thumb Code     0  __rtentry2.o(.ARM.Collect$$rtentry$$0000000A)
    __rt_entry_postsh_1                      0x0800024f   Thumb Code     0  __rtentry2.o(.ARM.Collect$$rtentry$$00000009)
    __rt_entry_main                          0x08000253   Thumb Code     0  __rtentry2.o(.ARM.Collect$$rtentry$$0000000D)
    __rt_entry_postli_1                      0x08000253   Thumb Code     0  __rtentry2.o(.ARM.Collect$$rtentry$$0000000C)
    __rt_exit                                0x0800025b   Thumb Code     0  rtexit.o(.ARM.Collect$$rtexit$$00000000)
    __rt_exit_ls                             0x0800025d   Thumb Code     0  rtexit2.o(.ARM.Collect$$rtexit$$00000003)
    __rt_exit_prels_1                        0x0800025d   Thumb Code     0  rtexit2.o(.ARM.Collect$$rtexit$$00000002)
    __rt_exit_exit                           0x08000261   Thumb Code     0  rtexit2.o(.ARM.Collect$$rtexit$$00000004)
    Reset_Handler                            0x08000269   Thumb Code     8  startup_stm32f407xx.o(.text)
    ADC_IRQHandler                           0x08000283   Thumb Code     0  startup_stm32f407xx.o(.text)
    CAN1_RX0_IRQHandler                      0x08000283   Thumb Code     0  startup_stm32f407xx.o(.text)
    CAN1_RX1_IRQHandler                      0x08000283   Thumb Code     0  startup_stm32f407xx.o(.text)
    CAN1_SCE_IRQHandler                      0x08000283   Thumb Code     0  startup_stm32f407xx.o(.text)
    CAN1_TX_IRQHandler                       0x08000283   Thumb Code     0  startup_stm32f407xx.o(.text)
    CAN2_RX0_IRQHandler                      0x08000283   Thumb Code     0  startup_stm32f407xx.o(.text)
    CAN2_RX1_IRQHandler                      0x08000283   Thumb Code     0  startup_stm32f407xx.o(.text)
    CAN2_SCE_IRQHandler                      0x08000283   Thumb Code     0  startup_stm32f407xx.o(.text)
    CAN2_TX_IRQHandler                       0x08000283   Thumb Code     0  startup_stm32f407xx.o(.text)
    DCMI_IRQHandler                          0x08000283   Thumb Code     0  startup_stm32f407xx.o(.text)
    DMA1_Stream0_IRQHandler                  0x08000283   Thumb Code     0  startup_stm32f407xx.o(.text)
    DMA1_Stream1_IRQHandler                  0x08000283   Thumb Code     0  startup_stm32f407xx.o(.text)
    DMA1_Stream2_IRQHandler                  0x08000283   Thumb Code     0  startup_stm32f407xx.o(.text)
    DMA1_Stream3_IRQHandler                  0x08000283   Thumb Code     0  startup_stm32f407xx.o(.text)
    DMA1_Stream4_IRQHandler                  0x08000283   Thumb Code     0  startup_stm32f407xx.o(.text)
    DMA1_Stream5_IRQHandler                  0x08000283   Thumb Code     0  startup_stm32f407xx.o(.text)
    DMA1_Stream6_IRQHandler                  0x08000283   Thumb Code     0  startup_stm32f407xx.o(.text)
    DMA1_Stream7_IRQHandler                  0x08000283   Thumb Code     0  startup_stm32f407xx.o(.text)
    DMA2_Stream0_IRQHandler                  0x08000283   Thumb Code     0  startup_stm32f407xx.o(.text)
    DMA2_Stream1_IRQHandler                  0x08000283   Thumb Code     0  startup_stm32f407xx.o(.text)
    DMA2_Stream2_IRQHandler                  0x08000283   Thumb Code     0  startup_stm32f407xx.o(.text)
    DMA2_Stream3_IRQHandler                  0x08000283   Thumb Code     0  startup_stm32f407xx.o(.text)
    DMA2_Stream4_IRQHandler                  0x08000283   Thumb Code     0  startup_stm32f407xx.o(.text)
    DMA2_Stream5_IRQHandler                  0x08000283   Thumb Code     0  startup_stm32f407xx.o(.text)
    DMA2_Stream6_IRQHandler                  0x08000283   Thumb Code     0  startup_stm32f407xx.o(.text)
    DMA2_Stream7_IRQHandler                  0x08000283   Thumb Code     0  startup_stm32f407xx.o(.text)
    ETH_IRQHandler                           0x08000283   Thumb Code     0  startup_stm32f407xx.o(.text)
    ETH_WKUP_IRQHandler                      0x08000283   Thumb Code     0  startup_stm32f407xx.o(.text)
    EXTI0_IRQHandler                         0x08000283   Thumb Code     0  startup_stm32f407xx.o(.text)
    EXTI15_10_IRQHandler                     0x08000283   Thumb Code     0  startup_stm32f407xx.o(.text)
    EXTI1_IRQHandler                         0x08000283   Thumb Code     0  startup_stm32f407xx.o(.text)
    EXTI2_IRQHandler                         0x08000283   Thumb Code     0  startup_stm32f407xx.o(.text)
    EXTI3_IRQHandler                         0x08000283   Thumb Code     0  startup_stm32f407xx.o(.text)
    EXTI4_IRQHandler                         0x08000283   Thumb Code     0  startup_stm32f407xx.o(.text)
    EXTI9_5_IRQHandler                       0x08000283   Thumb Code     0  startup_stm32f407xx.o(.text)
    FLASH_IRQHandler                         0x08000283   Thumb Code     0  startup_stm32f407xx.o(.text)
    FMC_IRQHandler                           0x08000283   Thumb Code     0  startup_stm32f407xx.o(.text)
    FPU_IRQHandler                           0x08000283   Thumb Code     0  startup_stm32f407xx.o(.text)
    HASH_RNG_IRQHandler                      0x08000283   Thumb Code     0  startup_stm32f407xx.o(.text)
    I2C1_ER_IRQHandler                       0x08000283   Thumb Code     0  startup_stm32f407xx.o(.text)
    I2C1_EV_IRQHandler                       0x08000283   Thumb Code     0  startup_stm32f407xx.o(.text)
    I2C2_ER_IRQHandler                       0x08000283   Thumb Code     0  startup_stm32f407xx.o(.text)
    I2C2_EV_IRQHandler                       0x08000283   Thumb Code     0  startup_stm32f407xx.o(.text)
    I2C3_ER_IRQHandler                       0x08000283   Thumb Code     0  startup_stm32f407xx.o(.text)
    I2C3_EV_IRQHandler                       0x08000283   Thumb Code     0  startup_stm32f407xx.o(.text)
    OTG_FS_WKUP_IRQHandler                   0x08000283   Thumb Code     0  startup_stm32f407xx.o(.text)
    OTG_HS_EP1_IN_IRQHandler                 0x08000283   Thumb Code     0  startup_stm32f407xx.o(.text)
    OTG_HS_EP1_OUT_IRQHandler                0x08000283   Thumb Code     0  startup_stm32f407xx.o(.text)
    OTG_HS_IRQHandler                        0x08000283   Thumb Code     0  startup_stm32f407xx.o(.text)
    OTG_HS_WKUP_IRQHandler                   0x08000283   Thumb Code     0  startup_stm32f407xx.o(.text)
    PVD_IRQHandler                           0x08000283   Thumb Code     0  startup_stm32f407xx.o(.text)
    RCC_IRQHandler                           0x08000283   Thumb Code     0  startup_stm32f407xx.o(.text)
    RTC_Alarm_IRQHandler                     0x08000283   Thumb Code     0  startup_stm32f407xx.o(.text)
    RTC_WKUP_IRQHandler                      0x08000283   Thumb Code     0  startup_stm32f407xx.o(.text)
    SDIO_IRQHandler                          0x08000283   Thumb Code     0  startup_stm32f407xx.o(.text)
    SPI1_IRQHandler                          0x08000283   Thumb Code     0  startup_stm32f407xx.o(.text)
    SPI2_IRQHandler                          0x08000283   Thumb Code     0  startup_stm32f407xx.o(.text)
    SPI3_IRQHandler                          0x08000283   Thumb Code     0  startup_stm32f407xx.o(.text)
    TAMP_STAMP_IRQHandler                    0x08000283   Thumb Code     0  startup_stm32f407xx.o(.text)
    TIM1_BRK_TIM9_IRQHandler                 0x08000283   Thumb Code     0  startup_stm32f407xx.o(.text)
    TIM1_CC_IRQHandler                       0x08000283   Thumb Code     0  startup_stm32f407xx.o(.text)
    TIM1_TRG_COM_TIM11_IRQHandler            0x08000283   Thumb Code     0  startup_stm32f407xx.o(.text)
    TIM1_UP_TIM10_IRQHandler                 0x08000283   Thumb Code     0  startup_stm32f407xx.o(.text)
    TIM2_IRQHandler                          0x08000283   Thumb Code     0  startup_stm32f407xx.o(.text)
    TIM3_IRQHandler                          0x08000283   Thumb Code     0  startup_stm32f407xx.o(.text)
    TIM4_IRQHandler                          0x08000283   Thumb Code     0  startup_stm32f407xx.o(.text)
    TIM5_IRQHandler                          0x08000283   Thumb Code     0  startup_stm32f407xx.o(.text)
    TIM6_DAC_IRQHandler                      0x08000283   Thumb Code     0  startup_stm32f407xx.o(.text)
    TIM7_IRQHandler                          0x08000283   Thumb Code     0  startup_stm32f407xx.o(.text)
    TIM8_BRK_TIM12_IRQHandler                0x08000283   Thumb Code     0  startup_stm32f407xx.o(.text)
    TIM8_CC_IRQHandler                       0x08000283   Thumb Code     0  startup_stm32f407xx.o(.text)
    TIM8_TRG_COM_TIM14_IRQHandler            0x08000283   Thumb Code     0  startup_stm32f407xx.o(.text)
    TIM8_UP_TIM13_IRQHandler                 0x08000283   Thumb Code     0  startup_stm32f407xx.o(.text)
    UART4_IRQHandler                         0x08000283   Thumb Code     0  startup_stm32f407xx.o(.text)
    UART5_IRQHandler                         0x08000283   Thumb Code     0  startup_stm32f407xx.o(.text)
    USART1_IRQHandler                        0x08000283   Thumb Code     0  startup_stm32f407xx.o(.text)
    USART2_IRQHandler                        0x08000283   Thumb Code     0  startup_stm32f407xx.o(.text)
    USART3_IRQHandler                        0x08000283   Thumb Code     0  startup_stm32f407xx.o(.text)
    USART6_IRQHandler                        0x08000283   Thumb Code     0  startup_stm32f407xx.o(.text)
    WWDG_IRQHandler                          0x08000283   Thumb Code     0  startup_stm32f407xx.o(.text)
    __user_initial_stackheap                 0x08000285   Thumb Code     0  startup_stm32f407xx.o(.text)
    __aeabi_uldivmod                         0x080002a9   Thumb Code     0  lludivv7m.o(.text)
    _ll_udiv                                 0x080002a9   Thumb Code   238  lludivv7m.o(.text)
    __aeabi_memcpy                           0x08000397   Thumb Code     0  rt_memcpy_v6.o(.text)
    __rt_memcpy                              0x08000397   Thumb Code   138  rt_memcpy_v6.o(.text)
    _memcpy_lastbytes                        0x080003fd   Thumb Code     0  rt_memcpy_v6.o(.text)
    __aeabi_memcpy4                          0x08000421   Thumb Code     0  rt_memcpy_w.o(.text)
    __aeabi_memcpy8                          0x08000421   Thumb Code     0  rt_memcpy_w.o(.text)
    __rt_memcpy_w                            0x08000421   Thumb Code   100  rt_memcpy_w.o(.text)
    _memcpy_lastbytes_aligned                0x08000469   Thumb Code     0  rt_memcpy_w.o(.text)
    __aeabi_memclr4                          0x08000485   Thumb Code     0  rt_memclr_w.o(.text)
    __aeabi_memclr8                          0x08000485   Thumb Code     0  rt_memclr_w.o(.text)
    __rt_memclr_w                            0x08000485   Thumb Code    78  rt_memclr_w.o(.text)
    _memset_w                                0x08000489   Thumb Code     0  rt_memclr_w.o(.text)
    __use_two_region_memory                  0x080004d3   Thumb Code     2  heapauxi.o(.text)
    __rt_heap_escrow$2region                 0x080004d5   Thumb Code     2  heapauxi.o(.text)
    __rt_heap_expand$2region                 0x080004d7   Thumb Code     2  heapauxi.o(.text)
    __user_setup_stackheap                   0x080004d9   Thumb Code    74  sys_stackheap_outer.o(.text)
    exit                                     0x08000523   Thumb Code    18  exit.o(.text)
    __user_libspace                          0x08000535   Thumb Code     8  libspace.o(.text)
    __user_perproc_libspace                  0x08000535   Thumb Code     0  libspace.o(.text)
    __user_perthread_libspace                0x08000535   Thumb Code     0  libspace.o(.text)
    _sys_exit                                0x0800053d   Thumb Code     8  sys_exit.o(.text)
    __I$use$semihosting                      0x08000549   Thumb Code     0  use_no_semi.o(.text)
    __use_no_semihosting_swi                 0x08000549   Thumb Code     2  use_no_semi.o(.text)
    BusFault_Handler                         0x0800054b   Thumb Code     2  stm32f4xx_it.o(i.BusFault_Handler)
    __semihosting_library_function           0x0800054b   Thumb Code     0  indicate_semi.o(.text)
    DebugMon_Handler                         0x0800054d   Thumb Code     2  stm32f4xx_it.o(i.DebugMon_Handler)
    Error_Handler                            0x0800054f   Thumb Code     4  main.o(i.Error_Handler)
    HAL_Delay                                0x08000555   Thumb Code    32  stm32f4xx_hal.o(i.HAL_Delay)
    HAL_GPIO_Init                            0x08000579   Thumb Code   450  stm32f4xx_hal_gpio.o(i.HAL_GPIO_Init)
    HAL_GetTick                              0x08000769   Thumb Code     6  stm32f4xx_hal.o(i.HAL_GetTick)
    HAL_IncTick                              0x08000775   Thumb Code    12  stm32f4xx_hal.o(i.HAL_IncTick)
    HAL_Init                                 0x08000785   Thumb Code    48  stm32f4xx_hal.o(i.HAL_Init)
    HAL_InitTick                             0x080007b9   Thumb Code    54  stm32f4xx_hal.o(i.HAL_InitTick)
    HAL_MspInit                              0x080007f9   Thumb Code    42  stm32f4xx_hal_msp.o(i.HAL_MspInit)
    HAL_NVIC_EnableIRQ                       0x08000829   Thumb Code    26  stm32f4xx_hal_cortex.o(i.HAL_NVIC_EnableIRQ)
    HAL_NVIC_SetPriority                     0x08000845   Thumb Code    60  stm32f4xx_hal_cortex.o(i.HAL_NVIC_SetPriority)
    HAL_NVIC_SetPriorityGrouping             0x08000885   Thumb Code    26  stm32f4xx_hal_cortex.o(i.HAL_NVIC_SetPriorityGrouping)
    HAL_PCDEx_LPM_Callback                   0x080008a9   Thumb Code     2  stm32f4xx_hal_pcd_ex.o(i.HAL_PCDEx_LPM_Callback)
    HAL_PCDEx_SetRxFiFo                      0x080008ab   Thumb Code     8  stm32f4xx_hal_pcd_ex.o(i.HAL_PCDEx_SetRxFiFo)
    HAL_PCDEx_SetTxFiFo                      0x080008b3   Thumb Code    68  stm32f4xx_hal_pcd_ex.o(i.HAL_PCDEx_SetTxFiFo)
    HAL_PCD_ConnectCallback                  0x080008f7   Thumb Code     8  usbd_conf.o(i.HAL_PCD_ConnectCallback)
    HAL_PCD_DataInStageCallback              0x080008ff   Thumb Code    18  usbd_conf.o(i.HAL_PCD_DataInStageCallback)
    HAL_PCD_DataOutStageCallback             0x08000911   Thumb Code    20  usbd_conf.o(i.HAL_PCD_DataOutStageCallback)
    HAL_PCD_DisconnectCallback               0x08000925   Thumb Code     8  usbd_conf.o(i.HAL_PCD_DisconnectCallback)
    HAL_PCD_EP_Abort                         0x0800092d   Thumb Code    30  stm32f4xx_hal_pcd.o(i.HAL_PCD_EP_Abort)
    HAL_PCD_EP_Close                         0x0800094b   Thumb Code    76  stm32f4xx_hal_pcd.o(i.HAL_PCD_EP_Close)
    HAL_PCD_EP_ClrStall                      0x08000997   Thumb Code    92  stm32f4xx_hal_pcd.o(i.HAL_PCD_EP_ClrStall)
    HAL_PCD_EP_Flush                         0x080009f3   Thumb Code    52  stm32f4xx_hal_pcd.o(i.HAL_PCD_EP_Flush)
    HAL_PCD_EP_GetRxCount                    0x08000a27   Thumb Code    18  stm32f4xx_hal_pcd.o(i.HAL_PCD_EP_GetRxCount)
    HAL_PCD_EP_Open                          0x08000a39   Thumb Code    96  stm32f4xx_hal_pcd.o(i.HAL_PCD_EP_Open)
    HAL_PCD_EP_Receive                       0x08000a99   Thumb Code    72  stm32f4xx_hal_pcd.o(i.HAL_PCD_EP_Receive)
    HAL_PCD_EP_SetStall                      0x08000ae1   Thumb Code   116  stm32f4xx_hal_pcd.o(i.HAL_PCD_EP_SetStall)
    HAL_PCD_EP_Transmit                      0x08000b55   Thumb Code    64  stm32f4xx_hal_pcd.o(i.HAL_PCD_EP_Transmit)
    HAL_PCD_IRQHandler                       0x08000b95   Thumb Code  1376  stm32f4xx_hal_pcd.o(i.HAL_PCD_IRQHandler)
    HAL_PCD_ISOINIncompleteCallback          0x080010f5   Thumb Code     8  usbd_conf.o(i.HAL_PCD_ISOINIncompleteCallback)
    HAL_PCD_ISOOUTIncompleteCallback         0x080010fd   Thumb Code     8  usbd_conf.o(i.HAL_PCD_ISOOUTIncompleteCallback)
    HAL_PCD_Init                             0x08001105   Thumb Code   226  stm32f4xx_hal_pcd.o(i.HAL_PCD_Init)
    HAL_PCD_MspInit                          0x080011e9   Thumb Code   122  usbd_conf.o(i.HAL_PCD_MspInit)
    HAL_PCD_ResetCallback                    0x0800126d   Thumb Code    44  usbd_conf.o(i.HAL_PCD_ResetCallback)
    HAL_PCD_ResumeCallback                   0x08001299   Thumb Code     8  usbd_conf.o(i.HAL_PCD_ResumeCallback)
    HAL_PCD_SOFCallback                      0x080012a1   Thumb Code     8  usbd_conf.o(i.HAL_PCD_SOFCallback)
    HAL_PCD_SetAddress                       0x080012a9   Thumb Code    40  stm32f4xx_hal_pcd.o(i.HAL_PCD_SetAddress)
    HAL_PCD_SetupStageCallback               0x080012d1   Thumb Code    14  usbd_conf.o(i.HAL_PCD_SetupStageCallback)
    HAL_PCD_Start                            0x080012df   Thumb Code    66  stm32f4xx_hal_pcd.o(i.HAL_PCD_Start)
    HAL_PCD_SuspendCallback                  0x08001321   Thumb Code    44  usbd_conf.o(i.HAL_PCD_SuspendCallback)
    HAL_RCC_ClockConfig                      0x08001351   Thumb Code   288  stm32f4xx_hal_rcc.o(i.HAL_RCC_ClockConfig)
    HAL_RCC_GetHCLKFreq                      0x08001485   Thumb Code     6  stm32f4xx_hal_rcc.o(i.HAL_RCC_GetHCLKFreq)
    HAL_RCC_GetSysClockFreq                  0x08001491   Thumb Code    88  stm32f4xx_hal_rcc.o(i.HAL_RCC_GetSysClockFreq)
    HAL_RCC_OscConfig                        0x080014f1   Thumb Code   856  stm32f4xx_hal_rcc.o(i.HAL_RCC_OscConfig)
    HAL_SYSTICK_Config                       0x0800185d   Thumb Code    40  stm32f4xx_hal_cortex.o(i.HAL_SYSTICK_Config)
    HardFault_Handler                        0x08001885   Thumb Code     2  stm32f4xx_it.o(i.HardFault_Handler)
    MSC_BOT_CplClrFeature                    0x08001a11   Thumb Code    72  usbd_msc_bot.o(i.MSC_BOT_CplClrFeature)
    MSC_BOT_DataIn                           0x08001a61   Thumb Code    70  usbd_msc_bot.o(i.MSC_BOT_DataIn)
    MSC_BOT_DataOut                          0x08001aa7   Thumb Code    70  usbd_msc_bot.o(i.MSC_BOT_DataOut)
    MSC_BOT_DeInit                           0x08001aed   Thumb Code    22  usbd_msc_bot.o(i.MSC_BOT_DeInit)
    MSC_BOT_Init                             0x08001b05   Thumb Code    96  usbd_msc_bot.o(i.MSC_BOT_Init)
    MSC_BOT_Reset                            0x08001b6d   Thumb Code    68  usbd_msc_bot.o(i.MSC_BOT_Reset)
    MSC_BOT_SendCSW                          0x08001bb9   Thumb Code    72  usbd_msc_bot.o(i.MSC_BOT_SendCSW)
    MX_USB_DEVICE_Init                       0x08001c0d   Thumb Code    66  usb_device.o(i.MX_USB_DEVICE_Init)
    MemManage_Handler                        0x08001c61   Thumb Code     2  stm32f4xx_it.o(i.MemManage_Handler)
    NMI_Handler                              0x08001c63   Thumb Code     2  stm32f4xx_it.o(i.NMI_Handler)
    OTG_FS_IRQHandler                        0x08001c65   Thumb Code     6  stm32f4xx_it.o(i.OTG_FS_IRQHandler)
    PendSV_Handler                           0x08001ddf   Thumb Code     2  stm32f4xx_it.o(i.PendSV_Handler)
    SCSI_ProcessCmd                          0x08001e8d   Thumb Code   340  usbd_msc_scsi.o(i.SCSI_ProcessCmd)
    SCSI_SenseCode                           0x080024cd   Thumb Code    76  usbd_msc_scsi.o(i.SCSI_SenseCode)
    SVC_Handler                              0x080027b5   Thumb Code     2  stm32f4xx_it.o(i.SVC_Handler)
    SysTick_Handler                          0x080027c1   Thumb Code     4  stm32f4xx_it.o(i.SysTick_Handler)
    SystemClock_Config                       0x080027c5   Thumb Code   140  main.o(i.SystemClock_Config)
    SystemInit                               0x08002859   Thumb Code    12  system_stm32f4xx.o(i.SystemInit)
    USBD_ClrClassConfig                      0x08002869   Thumb Code    20  usbd_core.o(i.USBD_ClrClassConfig)
    USBD_CoreFindEP                          0x0800287d   Thumb Code     4  usbd_core.o(i.USBD_CoreFindEP)
    USBD_CoreFindIF                          0x08002881   Thumb Code     4  usbd_core.o(i.USBD_CoreFindIF)
    USBD_CtlContinueRx                       0x08002885   Thumb Code    16  usbd_ioreq.o(i.USBD_CtlContinueRx)
    USBD_CtlContinueSendData                 0x08002895   Thumb Code    16  usbd_ioreq.o(i.USBD_CtlContinueSendData)
    USBD_CtlError                            0x080028a5   Thumb Code    22  usbd_ctlreq.o(i.USBD_CtlError)
    USBD_CtlReceiveStatus                    0x080028bb   Thumb Code    22  usbd_ioreq.o(i.USBD_CtlReceiveStatus)
    USBD_CtlSendData                         0x080028d1   Thumb Code    26  usbd_ioreq.o(i.USBD_CtlSendData)
    USBD_CtlSendStatus                       0x080028eb   Thumb Code    22  usbd_ioreq.o(i.USBD_CtlSendStatus)
    USBD_FS_ConfigStrDescriptor              0x08002901   Thumb Code    16  usbd_desc.o(i.USBD_FS_ConfigStrDescriptor)
    USBD_FS_DeviceDescriptor                 0x08002921   Thumb Code     8  usbd_desc.o(i.USBD_FS_DeviceDescriptor)
    USBD_FS_InterfaceStrDescriptor           0x0800292d   Thumb Code    16  usbd_desc.o(i.USBD_FS_InterfaceStrDescriptor)
    USBD_FS_LangIDStrDescriptor              0x08002951   Thumb Code     8  usbd_desc.o(i.USBD_FS_LangIDStrDescriptor)
    USBD_FS_ManufacturerStrDescriptor        0x0800295d   Thumb Code    16  usbd_desc.o(i.USBD_FS_ManufacturerStrDescriptor)
    USBD_FS_ProductStrDescriptor             0x08002985   Thumb Code    16  usbd_desc.o(i.USBD_FS_ProductStrDescriptor)
    USBD_FS_SerialStrDescriptor              0x080029ad   Thumb Code    48  usbd_desc.o(i.USBD_FS_SerialStrDescriptor)
    USBD_GetEpDesc                           0x08002acb   Thumb Code    58  usbd_core.o(i.USBD_GetEpDesc)
    USBD_GetNextDesc                         0x08002b05   Thumb Code    14  usbd_core.o(i.USBD_GetNextDesc)
    USBD_GetString                           0x08002b13   Thumb Code    72  usbd_ctlreq.o(i.USBD_GetString)
    USBD_Get_USB_Status                      0x08002b5b   Thumb Code    24  usbd_conf.o(i.USBD_Get_USB_Status)
    USBD_Init                                0x08002b73   Thumb Code    38  usbd_core.o(i.USBD_Init)
    USBD_LL_ClearStallEP                     0x08002b99   Thumb Code    18  usbd_conf.o(i.USBD_LL_ClearStallEP)
    USBD_LL_CloseEP                          0x08002bab   Thumb Code    18  usbd_conf.o(i.USBD_LL_CloseEP)
    USBD_LL_DataInStage                      0x08002bbd   Thumb Code   182  usbd_core.o(i.USBD_LL_DataInStage)
    USBD_LL_DataOutStage                     0x08002c73   Thumb Code   142  usbd_core.o(i.USBD_LL_DataOutStage)
    USBD_LL_DevConnected                     0x08002d01   Thumb Code     4  usbd_core.o(i.USBD_LL_DevConnected)
    USBD_LL_DevDisconnected                  0x08002d05   Thumb Code    30  usbd_core.o(i.USBD_LL_DevDisconnected)
    USBD_LL_FlushEP                          0x08002d23   Thumb Code    18  usbd_conf.o(i.USBD_LL_FlushEP)
    USBD_LL_GetRxDataSize                    0x08002d35   Thumb Code     8  usbd_conf.o(i.USBD_LL_GetRxDataSize)
    USBD_LL_Init                             0x08002d3d   Thumb Code    90  usbd_conf.o(i.USBD_LL_Init)
    USBD_LL_IsStallEP                        0x08002d9d   Thumb Code    32  usbd_conf.o(i.USBD_LL_IsStallEP)
    USBD_LL_IsoINIncomplete                  0x08002dbd   Thumb Code    40  usbd_core.o(i.USBD_LL_IsoINIncomplete)
    USBD_LL_IsoOUTIncomplete                 0x08002de5   Thumb Code    40  usbd_core.o(i.USBD_LL_IsoOUTIncomplete)
    USBD_LL_OpenEP                           0x08002e0d   Thumb Code    24  usbd_conf.o(i.USBD_LL_OpenEP)
    USBD_LL_PrepareReceive                   0x08002e25   Thumb Code    18  usbd_conf.o(i.USBD_LL_PrepareReceive)
    USBD_LL_Reset                            0x08002e37   Thumb Code    92  usbd_core.o(i.USBD_LL_Reset)
    USBD_LL_Resume                           0x08002e93   Thumb Code    20  usbd_core.o(i.USBD_LL_Resume)
    USBD_LL_SOF                              0x08002ea7   Thumb Code    26  usbd_core.o(i.USBD_LL_SOF)
    USBD_LL_SetSpeed                         0x08002ec1   Thumb Code     6  usbd_core.o(i.USBD_LL_SetSpeed)
    USBD_LL_SetUSBAddress                    0x08002ec7   Thumb Code    18  usbd_conf.o(i.USBD_LL_SetUSBAddress)
    USBD_LL_SetupStage                       0x08002ed9   Thumb Code    96  usbd_core.o(i.USBD_LL_SetupStage)
    USBD_LL_StallEP                          0x08002f39   Thumb Code    18  usbd_conf.o(i.USBD_LL_StallEP)
    USBD_LL_Start                            0x08002f4b   Thumb Code    18  usbd_conf.o(i.USBD_LL_Start)
    USBD_LL_Suspend                          0x08002f5d   Thumb Code    18  usbd_core.o(i.USBD_LL_Suspend)
    USBD_LL_Transmit                         0x08002f6f   Thumb Code    18  usbd_conf.o(i.USBD_LL_Transmit)
    USBD_MSC_DataIn                          0x08002f81   Thumb Code    10  usbd_msc.o(i.USBD_MSC_DataIn)
    USBD_MSC_DataOut                         0x08002f8b   Thumb Code    10  usbd_msc.o(i.USBD_MSC_DataOut)
    USBD_MSC_DeInit                          0x08002f95   Thumb Code   112  usbd_msc.o(i.USBD_MSC_DeInit)
    USBD_MSC_GetDeviceQualifierDescriptor    0x08003009   Thumb Code     8  usbd_msc.o(i.USBD_MSC_GetDeviceQualifierDescriptor)
    USBD_MSC_GetFSCfgDesc                    0x08003015   Thumb Code    40  usbd_msc.o(i.USBD_MSC_GetFSCfgDesc)
    USBD_MSC_GetHSCfgDesc                    0x08003041   Thumb Code    42  usbd_msc.o(i.USBD_MSC_GetHSCfgDesc)
    USBD_MSC_GetOtherSpeedCfgDesc            0x08003071   Thumb Code    40  usbd_msc.o(i.USBD_MSC_GetOtherSpeedCfgDesc)
    USBD_MSC_Init                            0x0800309d   Thumb Code   168  usbd_msc.o(i.USBD_MSC_Init)
    USBD_MSC_RegisterStorage                 0x08003149   Thumb Code    22  usbd_msc.o(i.USBD_MSC_RegisterStorage)
    USBD_MSC_Setup                           0x0800315f   Thumb Code   220  usbd_msc.o(i.USBD_MSC_Setup)
    USBD_ParseSetupRequest                   0x0800323b   Thumb Code    44  usbd_ctlreq.o(i.USBD_ParseSetupRequest)
    USBD_RegisterClass                       0x08003267   Thumb Code    58  usbd_core.o(i.USBD_RegisterClass)
    USBD_SetClassConfig                      0x080032a1   Thumb Code    20  usbd_core.o(i.USBD_SetClassConfig)
    USBD_Start                               0x0800336d   Thumb Code     4  usbd_core.o(i.USBD_Start)
    USBD_StdDevReq                           0x08003371   Thumb Code   300  usbd_ctlreq.o(i.USBD_StdDevReq)
    USBD_StdEPReq                            0x0800349d   Thumb Code   352  usbd_ctlreq.o(i.USBD_StdEPReq)
    USBD_StdItfReq                           0x080035fd   Thumb Code   114  usbd_ctlreq.o(i.USBD_StdItfReq)
    USBD_static_free                         0x0800366f   Thumb Code     2  usbd_conf.o(i.USBD_static_free)
    USBD_static_malloc                       0x08003671   Thumb Code     4  usbd_conf.o(i.USBD_static_malloc)
    USB_ActivateEndpoint                     0x08003679   Thumb Code   122  stm32f4xx_ll_usb.o(i.USB_ActivateEndpoint)
    USB_ActivateSetup                        0x080036f9   Thumb Code    28  stm32f4xx_ll_usb.o(i.USB_ActivateSetup)
    USB_CoreInit                             0x08003715   Thumb Code   112  stm32f4xx_ll_usb.o(i.USB_CoreInit)
    USB_DeactivateEndpoint                   0x080037c9   Thumb Code   194  stm32f4xx_ll_usb.o(i.USB_DeactivateEndpoint)
    USB_DevConnect                           0x08003895   Thumb Code    28  stm32f4xx_ll_usb.o(i.USB_DevConnect)
    USB_DevDisconnect                        0x080038b1   Thumb Code    28  stm32f4xx_ll_usb.o(i.USB_DevDisconnect)
    USB_DevInit                              0x080038cd   Thumb Code   362  stm32f4xx_ll_usb.o(i.USB_DevInit)
    USB_DisableGlobalInt                     0x08003a41   Thumb Code    12  stm32f4xx_ll_usb.o(i.USB_DisableGlobalInt)
    USB_EP0StartXfer                         0x08003a4d   Thumb Code   280  stm32f4xx_ll_usb.o(i.USB_EP0StartXfer)
    USB_EP0_OutStart                         0x08003b69   Thumb Code    84  stm32f4xx_ll_usb.o(i.USB_EP0_OutStart)
    USB_EPClearStall                         0x08003bc1   Thumb Code    88  stm32f4xx_ll_usb.o(i.USB_EPClearStall)
    USB_EPSetStall                           0x08003c19   Thumb Code    88  stm32f4xx_ll_usb.o(i.USB_EPSetStall)
    USB_EPStartXfer                          0x08003c71   Thumb Code   480  stm32f4xx_ll_usb.o(i.USB_EPStartXfer)
    USB_EPStopXfer                           0x08003e55   Thumb Code   158  stm32f4xx_ll_usb.o(i.USB_EPStopXfer)
    USB_EnableGlobalInt                      0x08003ef3   Thumb Code    12  stm32f4xx_ll_usb.o(i.USB_EnableGlobalInt)
    USB_FlushRxFifo                          0x08003f01   Thumb Code    54  stm32f4xx_ll_usb.o(i.USB_FlushRxFifo)
    USB_FlushTxFifo                          0x08003f3d   Thumb Code    58  stm32f4xx_ll_usb.o(i.USB_FlushTxFifo)
    USB_GetDevSpeed                          0x08003f7d   Thumb Code    26  stm32f4xx_ll_usb.o(i.USB_GetDevSpeed)
    USB_GetMode                              0x08003f97   Thumb Code     8  stm32f4xx_ll_usb.o(i.USB_GetMode)
    USB_ReadDevAllInEpInterrupt              0x08003f9f   Thumb Code    14  stm32f4xx_ll_usb.o(i.USB_ReadDevAllInEpInterrupt)
    USB_ReadDevAllOutEpInterrupt             0x08003fad   Thumb Code    14  stm32f4xx_ll_usb.o(i.USB_ReadDevAllOutEpInterrupt)
    USB_ReadDevInEPInterrupt                 0x08003fbb   Thumb Code    36  stm32f4xx_ll_usb.o(i.USB_ReadDevInEPInterrupt)
    USB_ReadDevOutEPInterrupt                0x08003fdf   Thumb Code    16  stm32f4xx_ll_usb.o(i.USB_ReadDevOutEPInterrupt)
    USB_ReadInterrupts                       0x08003fef   Thumb Code     8  stm32f4xx_ll_usb.o(i.USB_ReadInterrupts)
    USB_ReadPacket                           0x08003ff7   Thumb Code    62  stm32f4xx_ll_usb.o(i.USB_ReadPacket)
    USB_SetCurrentMode                       0x08004035   Thumb Code    92  stm32f4xx_ll_usb.o(i.USB_SetCurrentMode)
    USB_SetDevAddress                        0x08004091   Thumb Code    34  stm32f4xx_ll_usb.o(i.USB_SetDevAddress)
    USB_SetTurnaroundTime                    0x080040b5   Thumb Code   158  stm32f4xx_ll_usb.o(i.USB_SetTurnaroundTime)
    USB_WritePacket                          0x0800419d   Thumb Code    40  stm32f4xx_ll_usb.o(i.USB_WritePacket)
    UsageFault_Handler                       0x080041c5   Thumb Code     2  stm32f4xx_it.o(i.UsageFault_Handler)
    main                                     0x080041e9   Thumb Code    50  main.o(i.main)
    _fp_init                                 0x08004221   Thumb Code    10  fpinit.o(x$fpl$fpinit)
    __fplib_config_fpu_vfp                   0x08004229   Thumb Code     0  fpinit.o(x$fpl$fpinit)
    __fplib_config_pureend_doubles           0x08004229   Thumb Code     0  fpinit.o(x$fpl$fpinit)
    STORAGE_Inquirydata_FS                   0x0800422a   Data          36  usbd_storage_if.o(.constdata)
    AHBPrescTable                            0x0800424e   Data          16  system_stm32f4xx.o(.constdata)
    Region$$Table$$Base                      0x08004260   Number         0  anon$$obj.o(Region$$Table)
    Region$$Table$$Limit                     0x08004290   Number         0  anon$$obj.o(Region$$Table)
    USBD_StrDesc                             0x20000000   Data         512  usbd_desc.o(.bss)
    buffer                                   0x20000200   Data       102400  usbd_storage_if.o(.bss)
    FS_Desc                                  0x2001c000   Data          28  usbd_desc.o(.data)
    USBD_LangIDDesc                          0x2001c01c   Data           4  usbd_desc.o(.data)
    USBD_FS_DeviceDesc                       0x2001c020   Data          18  usbd_desc.o(.data)
    USBD_StringSerial                        0x2001c034   Data          26  usbd_desc.o(.data)
    USBD_Storage_Interface_fops_FS           0x2001c050   Data          32  usbd_storage_if.o(.data)
    uwTickFreq                               0x2001c070   Data           1  stm32f4xx_hal.o(.data)
    uwTickPrio                               0x2001c074   Data           4  stm32f4xx_hal.o(.data)
    uwTick                                   0x2001c078   Data           4  stm32f4xx_hal.o(.data)
    SystemCoreClock                          0x2001c07c   Data           4  system_stm32f4xx.o(.data)
    USBD_MSC                                 0x2001c084   Data          56  usbd_msc.o(.data)
    MSCInEpAdd                               0x2001c0bc   Data           1  usbd_msc.o(.data)
    MSCOutEpAdd                              0x2001c0bd   Data           1  usbd_msc.o(.data)
    MSC_Page00_Inquiry_Data                  0x2001c0ea   Data           6  usbd_msc_data.o(.data)
    MSC_Page80_Inquiry_Data                  0x2001c0f0   Data           8  usbd_msc_data.o(.data)
    MSC_Mode_Sense6_data                     0x2001c0f8   Data          23  usbd_msc_data.o(.data)
    MSC_Mode_Sense10_data                    0x2001c10f   Data          27  usbd_msc_data.o(.data)
    hUsbDeviceFS                             0x2001c12c   Data         732  usb_device.o(.bss)
    hpcd_USB_OTG_FS                          0x2001c680   Data        1292  usbd_conf.o(.bss)
    __libspace_start                         0x2001cb8c   Data          96  libspace.o(.bss)
    __temporary_stack_top$libspace           0x2001cbec   Data           0  libspace.o(.bss)



==============================================================================

Memory Map of the image

  Image Entry point : 0x08000189

  Load Region LR_IROM1 (Base: 0x08000000, Size: 0x000043bc, Max: 0x00080000, ABSOLUTE, COMPRESSED[0x0000433c])

    Execution Region ER_IROM1 (Exec base: 0x08000000, Load base: 0x08000000, Size: 0x00004290, Max: 0x00080000, ABSOLUTE)

    Exec Addr    Load Addr    Size         Type   Attr      Idx    E Section Name        Object

    0x08000000   0x08000000   0x00000188   Data   RO            3    RESET               startup_stm32f407xx.o
    0x08000188   0x08000188   0x00000008   Code   RO         3060  * !!!main             c_w.l(__main.o)
    0x08000190   0x08000190   0x00000034   Code   RO         3229    !!!scatter          c_w.l(__scatter.o)
    0x080001c4   0x080001c4   0x0000005a   Code   RO         3227    !!dczerorl2         c_w.l(__dczerorl2.o)
    0x0800021e   0x0800021e   0x00000002   PAD
    0x08000220   0x08000220   0x0000001c   Code   RO         3231    !!handler_zi        c_w.l(__scatter_zi.o)
    0x0800023c   0x0800023c   0x00000002   Code   RO         3097    .ARM.Collect$$libinit$$00000000  c_w.l(libinit.o)
    0x0800023e   0x0800023e   0x00000004   Code   RO         3109    .ARM.Collect$$libinit$$00000001  c_w.l(libinit2.o)
    0x08000242   0x08000242   0x00000000   Code   RO         3112    .ARM.Collect$$libinit$$00000004  c_w.l(libinit2.o)
    0x08000242   0x08000242   0x00000000   Code   RO         3115    .ARM.Collect$$libinit$$0000000A  c_w.l(libinit2.o)
    0x08000242   0x08000242   0x00000000   Code   RO         3117    .ARM.Collect$$libinit$$0000000C  c_w.l(libinit2.o)
    0x08000242   0x08000242   0x00000000   Code   RO         3119    .ARM.Collect$$libinit$$0000000E  c_w.l(libinit2.o)
    0x08000242   0x08000242   0x00000000   Code   RO         3122    .ARM.Collect$$libinit$$00000011  c_w.l(libinit2.o)
    0x08000242   0x08000242   0x00000000   Code   RO         3124    .ARM.Collect$$libinit$$00000013  c_w.l(libinit2.o)
    0x08000242   0x08000242   0x00000000   Code   RO         3126    .ARM.Collect$$libinit$$00000015  c_w.l(libinit2.o)
    0x08000242   0x08000242   0x00000000   Code   RO         3128    .ARM.Collect$$libinit$$00000017  c_w.l(libinit2.o)
    0x08000242   0x08000242   0x00000000   Code   RO         3130    .ARM.Collect$$libinit$$00000019  c_w.l(libinit2.o)
    0x08000242   0x08000242   0x00000000   Code   RO         3132    .ARM.Collect$$libinit$$0000001B  c_w.l(libinit2.o)
    0x08000242   0x08000242   0x00000000   Code   RO         3134    .ARM.Collect$$libinit$$0000001D  c_w.l(libinit2.o)
    0x08000242   0x08000242   0x00000000   Code   RO         3136    .ARM.Collect$$libinit$$0000001F  c_w.l(libinit2.o)
    0x08000242   0x08000242   0x00000000   Code   RO         3138    .ARM.Collect$$libinit$$00000021  c_w.l(libinit2.o)
    0x08000242   0x08000242   0x00000000   Code   RO         3140    .ARM.Collect$$libinit$$00000023  c_w.l(libinit2.o)
    0x08000242   0x08000242   0x00000000   Code   RO         3142    .ARM.Collect$$libinit$$00000025  c_w.l(libinit2.o)
    0x08000242   0x08000242   0x00000000   Code   RO         3146    .ARM.Collect$$libinit$$0000002C  c_w.l(libinit2.o)
    0x08000242   0x08000242   0x00000000   Code   RO         3148    .ARM.Collect$$libinit$$0000002E  c_w.l(libinit2.o)
    0x08000242   0x08000242   0x00000000   Code   RO         3150    .ARM.Collect$$libinit$$00000030  c_w.l(libinit2.o)
    0x08000242   0x08000242   0x00000000   Code   RO         3152    .ARM.Collect$$libinit$$00000032  c_w.l(libinit2.o)
    0x08000242   0x08000242   0x00000002   Code   RO         3153    .ARM.Collect$$libinit$$00000033  c_w.l(libinit2.o)
    0x08000244   0x08000244   0x00000002   Code   RO         3184    .ARM.Collect$$libshutdown$$00000000  c_w.l(libshutdown.o)
    0x08000246   0x08000246   0x00000000   Code   RO         3210    .ARM.Collect$$libshutdown$$00000002  c_w.l(libshutdown2.o)
    0x08000246   0x08000246   0x00000000   Code   RO         3212    .ARM.Collect$$libshutdown$$00000004  c_w.l(libshutdown2.o)
    0x08000246   0x08000246   0x00000000   Code   RO         3215    .ARM.Collect$$libshutdown$$00000007  c_w.l(libshutdown2.o)
    0x08000246   0x08000246   0x00000000   Code   RO         3218    .ARM.Collect$$libshutdown$$0000000A  c_w.l(libshutdown2.o)
    0x08000246   0x08000246   0x00000000   Code   RO         3220    .ARM.Collect$$libshutdown$$0000000C  c_w.l(libshutdown2.o)
    0x08000246   0x08000246   0x00000000   Code   RO         3223    .ARM.Collect$$libshutdown$$0000000F  c_w.l(libshutdown2.o)
    0x08000246   0x08000246   0x00000002   Code   RO         3224    .ARM.Collect$$libshutdown$$00000010  c_w.l(libshutdown2.o)
    0x08000248   0x08000248   0x00000000   Code   RO         3062    .ARM.Collect$$rtentry$$00000000  c_w.l(__rtentry.o)
    0x08000248   0x08000248   0x00000000   Code   RO         3068    .ARM.Collect$$rtentry$$00000002  c_w.l(__rtentry2.o)
    0x08000248   0x08000248   0x00000006   Code   RO         3080    .ARM.Collect$$rtentry$$00000004  c_w.l(__rtentry4.o)
    0x0800024e   0x0800024e   0x00000000   Code   RO         3070    .ARM.Collect$$rtentry$$00000009  c_w.l(__rtentry2.o)
    0x0800024e   0x0800024e   0x00000004   Code   RO         3071    .ARM.Collect$$rtentry$$0000000A  c_w.l(__rtentry2.o)
    0x08000252   0x08000252   0x00000000   Code   RO         3073    .ARM.Collect$$rtentry$$0000000C  c_w.l(__rtentry2.o)
    0x08000252   0x08000252   0x00000008   Code   RO         3074    .ARM.Collect$$rtentry$$0000000D  c_w.l(__rtentry2.o)
    0x0800025a   0x0800025a   0x00000002   Code   RO         3101    .ARM.Collect$$rtexit$$00000000  c_w.l(rtexit.o)
    0x0800025c   0x0800025c   0x00000000   Code   RO         3157    .ARM.Collect$$rtexit$$00000002  c_w.l(rtexit2.o)
    0x0800025c   0x0800025c   0x00000004   Code   RO         3158    .ARM.Collect$$rtexit$$00000003  c_w.l(rtexit2.o)
    0x08000260   0x08000260   0x00000006   Code   RO         3159    .ARM.Collect$$rtexit$$00000004  c_w.l(rtexit2.o)
    0x08000266   0x08000266   0x00000002   PAD
    0x08000268   0x08000268   0x00000040   Code   RO            4    .text               startup_stm32f407xx.o
    0x080002a8   0x080002a8   0x000000ee   Code   RO         3050    .text               c_w.l(lludivv7m.o)
    0x08000396   0x08000396   0x0000008a   Code   RO         3052    .text               c_w.l(rt_memcpy_v6.o)
    0x08000420   0x08000420   0x00000064   Code   RO         3054    .text               c_w.l(rt_memcpy_w.o)
    0x08000484   0x08000484   0x0000004e   Code   RO         3056    .text               c_w.l(rt_memclr_w.o)
    0x080004d2   0x080004d2   0x00000006   Code   RO         3058    .text               c_w.l(heapauxi.o)
    0x080004d8   0x080004d8   0x0000004a   Code   RO         3084    .text               c_w.l(sys_stackheap_outer.o)
    0x08000522   0x08000522   0x00000012   Code   RO         3086    .text               c_w.l(exit.o)
    0x08000534   0x08000534   0x00000008   Code   RO         3098    .text               c_w.l(libspace.o)
    0x0800053c   0x0800053c   0x0000000c   Code   RO         3154    .text               c_w.l(sys_exit.o)
    0x08000548   0x08000548   0x00000002   Code   RO         3173    .text               c_w.l(use_no_semi.o)
    0x0800054a   0x0800054a   0x00000000   Code   RO         3175    .text               c_w.l(indicate_semi.o)
    0x0800054a   0x0800054a   0x00000002   Code   RO          165    i.BusFault_Handler  stm32f4xx_it.o
    0x0800054c   0x0800054c   0x00000002   Code   RO          166    i.DebugMon_Handler  stm32f4xx_it.o
    0x0800054e   0x0800054e   0x00000004   Code   RO           13    i.Error_Handler     main.o
    0x08000552   0x08000552   0x00000002   PAD
    0x08000554   0x08000554   0x00000024   Code   RO         2146    i.HAL_Delay         stm32f4xx_hal.o
    0x08000578   0x08000578   0x000001f0   Code   RO         1620    i.HAL_GPIO_Init     stm32f4xx_hal_gpio.o
    0x08000768   0x08000768   0x0000000c   Code   RO         2152    i.HAL_GetTick       stm32f4xx_hal.o
    0x08000774   0x08000774   0x00000010   Code   RO         2158    i.HAL_IncTick       stm32f4xx_hal.o
    0x08000784   0x08000784   0x00000034   Code   RO         2159    i.HAL_Init          stm32f4xx_hal.o
    0x080007b8   0x080007b8   0x00000040   Code   RO         2160    i.HAL_InitTick      stm32f4xx_hal.o
    0x080007f8   0x080007f8   0x00000030   Code   RO          247    i.HAL_MspInit       stm32f4xx_hal_msp.o
    0x08000828   0x08000828   0x0000001a   Code   RO         2009    i.HAL_NVIC_EnableIRQ  stm32f4xx_hal_cortex.o
    0x08000842   0x08000842   0x00000002   PAD
    0x08000844   0x08000844   0x00000040   Code   RO         2015    i.HAL_NVIC_SetPriority  stm32f4xx_hal_cortex.o
    0x08000884   0x08000884   0x00000024   Code   RO         2016    i.HAL_NVIC_SetPriorityGrouping  stm32f4xx_hal_cortex.o
    0x080008a8   0x080008a8   0x00000002   Code   RO          919    i.HAL_PCDEx_LPM_Callback  stm32f4xx_hal_pcd_ex.o
    0x080008aa   0x080008aa   0x00000008   Code   RO          920    i.HAL_PCDEx_SetRxFiFo  stm32f4xx_hal_pcd_ex.o
    0x080008b2   0x080008b2   0x00000044   Code   RO          921    i.HAL_PCDEx_SetTxFiFo  stm32f4xx_hal_pcd_ex.o
    0x080008f6   0x080008f6   0x00000008   Code   RO          473    i.HAL_PCD_ConnectCallback  usbd_conf.o
    0x080008fe   0x080008fe   0x00000012   Code   RO          474    i.HAL_PCD_DataInStageCallback  usbd_conf.o
    0x08000910   0x08000910   0x00000014   Code   RO          475    i.HAL_PCD_DataOutStageCallback  usbd_conf.o
    0x08000924   0x08000924   0x00000008   Code   RO          476    i.HAL_PCD_DisconnectCallback  usbd_conf.o
    0x0800092c   0x0800092c   0x0000001e   Code   RO          689    i.HAL_PCD_EP_Abort  stm32f4xx_hal_pcd.o
    0x0800094a   0x0800094a   0x0000004c   Code   RO          690    i.HAL_PCD_EP_Close  stm32f4xx_hal_pcd.o
    0x08000996   0x08000996   0x0000005c   Code   RO          691    i.HAL_PCD_EP_ClrStall  stm32f4xx_hal_pcd.o
    0x080009f2   0x080009f2   0x00000034   Code   RO          692    i.HAL_PCD_EP_Flush  stm32f4xx_hal_pcd.o
    0x08000a26   0x08000a26   0x00000012   Code   RO          693    i.HAL_PCD_EP_GetRxCount  stm32f4xx_hal_pcd.o
    0x08000a38   0x08000a38   0x00000060   Code   RO          694    i.HAL_PCD_EP_Open   stm32f4xx_hal_pcd.o
    0x08000a98   0x08000a98   0x00000048   Code   RO          695    i.HAL_PCD_EP_Receive  stm32f4xx_hal_pcd.o
    0x08000ae0   0x08000ae0   0x00000074   Code   RO          696    i.HAL_PCD_EP_SetStall  stm32f4xx_hal_pcd.o
    0x08000b54   0x08000b54   0x00000040   Code   RO          697    i.HAL_PCD_EP_Transmit  stm32f4xx_hal_pcd.o
    0x08000b94   0x08000b94   0x00000560   Code   RO          699    i.HAL_PCD_IRQHandler  stm32f4xx_hal_pcd.o
    0x080010f4   0x080010f4   0x00000008   Code   RO          477    i.HAL_PCD_ISOINIncompleteCallback  usbd_conf.o
    0x080010fc   0x080010fc   0x00000008   Code   RO          478    i.HAL_PCD_ISOOUTIncompleteCallback  usbd_conf.o
    0x08001104   0x08001104   0x000000e2   Code   RO          702    i.HAL_PCD_Init      stm32f4xx_hal_pcd.o
    0x080011e6   0x080011e6   0x00000002   PAD
    0x080011e8   0x080011e8   0x00000084   Code   RO          480    i.HAL_PCD_MspInit   usbd_conf.o
    0x0800126c   0x0800126c   0x0000002c   Code   RO          481    i.HAL_PCD_ResetCallback  usbd_conf.o
    0x08001298   0x08001298   0x00000008   Code   RO          482    i.HAL_PCD_ResumeCallback  usbd_conf.o
    0x080012a0   0x080012a0   0x00000008   Code   RO          483    i.HAL_PCD_SOFCallback  usbd_conf.o
    0x080012a8   0x080012a8   0x00000028   Code   RO          708    i.HAL_PCD_SetAddress  stm32f4xx_hal_pcd.o
    0x080012d0   0x080012d0   0x0000000e   Code   RO          484    i.HAL_PCD_SetupStageCallback  usbd_conf.o
    0x080012de   0x080012de   0x00000042   Code   RO          711    i.HAL_PCD_Start     stm32f4xx_hal_pcd.o
    0x08001320   0x08001320   0x00000030   Code   RO          485    i.HAL_PCD_SuspendCallback  usbd_conf.o
    0x08001350   0x08001350   0x00000134   Code   RO         1266    i.HAL_RCC_ClockConfig  stm32f4xx_hal_rcc.o
    0x08001484   0x08001484   0x0000000c   Code   RO         1271    i.HAL_RCC_GetHCLKFreq  stm32f4xx_hal_rcc.o
    0x08001490   0x08001490   0x00000060   Code   RO         1275    i.HAL_RCC_GetSysClockFreq  stm32f4xx_hal_rcc.o
    0x080014f0   0x080014f0   0x0000036c   Code   RO         1278    i.HAL_RCC_OscConfig  stm32f4xx_hal_rcc.o
    0x0800185c   0x0800185c   0x00000028   Code   RO         2020    i.HAL_SYSTICK_Config  stm32f4xx_hal_cortex.o
    0x08001884   0x08001884   0x00000002   Code   RO          167    i.HardFault_Handler  stm32f4xx_it.o
    0x08001886   0x08001886   0x00000002   PAD
    0x08001888   0x08001888   0x00000038   Code   RO          325    i.IntToUnicode      usbd_desc.o
    0x080018c0   0x080018c0   0x00000060   Code   RO         2848    i.MSC_BOT_Abort     usbd_msc_bot.o
    0x08001920   0x08001920   0x000000f0   Code   RO         2849    i.MSC_BOT_CBW_Decode  usbd_msc_bot.o
    0x08001a10   0x08001a10   0x00000050   Code   RO         2850    i.MSC_BOT_CplClrFeature  usbd_msc_bot.o
    0x08001a60   0x08001a60   0x00000046   Code   RO         2851    i.MSC_BOT_DataIn    usbd_msc_bot.o
    0x08001aa6   0x08001aa6   0x00000046   Code   RO         2852    i.MSC_BOT_DataOut   usbd_msc_bot.o
    0x08001aec   0x08001aec   0x00000016   Code   RO         2853    i.MSC_BOT_DeInit    usbd_msc_bot.o
    0x08001b02   0x08001b02   0x00000002   PAD
    0x08001b04   0x08001b04   0x00000068   Code   RO         2854    i.MSC_BOT_Init      usbd_msc_bot.o
    0x08001b6c   0x08001b6c   0x0000004c   Code   RO         2855    i.MSC_BOT_Reset     usbd_msc_bot.o
    0x08001bb8   0x08001bb8   0x00000054   Code   RO         2856    i.MSC_BOT_SendCSW   usbd_msc_bot.o
    0x08001c0c   0x08001c0c   0x00000054   Code   RO          271    i.MX_USB_DEVICE_Init  usb_device.o
    0x08001c60   0x08001c60   0x00000002   Code   RO          168    i.MemManage_Handler  stm32f4xx_it.o
    0x08001c62   0x08001c62   0x00000002   Code   RO          169    i.NMI_Handler       stm32f4xx_it.o
    0x08001c64   0x08001c64   0x0000000c   Code   RO          170    i.OTG_FS_IRQHandler  stm32f4xx_it.o
    0x08001c70   0x08001c70   0x000000cc   Code   RO          715    i.PCD_EP_OutXfrComplete_int  stm32f4xx_hal_pcd.o
    0x08001d3c   0x08001d3c   0x000000a2   Code   RO          716    i.PCD_WriteEmptyTxFifo  stm32f4xx_hal_pcd.o
    0x08001dde   0x08001dde   0x00000002   Code   RO          171    i.PendSV_Handler    stm32f4xx_it.o
    0x08001de0   0x08001de0   0x0000002e   Code   RO         2946    i.SCSI_CheckAddressRange  usbd_msc_scsi.o
    0x08001e0e   0x08001e0e   0x00000002   PAD
    0x08001e10   0x08001e10   0x0000007c   Code   RO         2947    i.SCSI_Inquiry      usbd_msc_scsi.o
    0x08001e8c   0x08001e8c   0x0000015c   Code   RO         2948    i.SCSI_ProcessCmd   usbd_msc_scsi.o
    0x08001fe8   0x08001fe8   0x000000a8   Code   RO         2949    i.SCSI_ProcessRead  usbd_msc_scsi.o
    0x08002090   0x08002090   0x000000b4   Code   RO         2950    i.SCSI_ProcessWrite  usbd_msc_scsi.o
    0x08002144   0x08002144   0x000000ac   Code   RO         2951    i.SCSI_Read10       usbd_msc_scsi.o
    0x080021f0   0x080021f0   0x000000b2   Code   RO         2952    i.SCSI_Read12       usbd_msc_scsi.o
    0x080022a2   0x080022a2   0x00000076   Code   RO         2953    i.SCSI_ReadCapacity10  usbd_msc_scsi.o
    0x08002318   0x08002318   0x000000a6   Code   RO         2954    i.SCSI_ReadCapacity16  usbd_msc_scsi.o
    0x080023be   0x080023be   0x00000086   Code   RO         2955    i.SCSI_ReadFormatCapacity  usbd_msc_scsi.o
    0x08002444   0x08002444   0x00000088   Code   RO         2956    i.SCSI_RequestSense  usbd_msc_scsi.o
    0x080024cc   0x080024cc   0x0000004c   Code   RO         2957    i.SCSI_SenseCode    usbd_msc_scsi.o
    0x08002518   0x08002518   0x00000060   Code   RO         2958    i.SCSI_TestUnitReady  usbd_msc_scsi.o
    0x08002578   0x08002578   0x00000020   Code   RO         2959    i.SCSI_UpdateBotData  usbd_msc_scsi.o
    0x08002598   0x08002598   0x000000e0   Code   RO         2960    i.SCSI_Write10      usbd_msc_scsi.o
    0x08002678   0x08002678   0x000000ec   Code   RO         2961    i.SCSI_Write12      usbd_msc_scsi.o
    0x08002764   0x08002764   0x0000000e   Code   RO          411    i.STORAGE_GetCapacity_FS  usbd_storage_if.o
    0x08002772   0x08002772   0x00000004   Code   RO          412    i.STORAGE_GetMaxLun_FS  usbd_storage_if.o
    0x08002776   0x08002776   0x00000004   Code   RO          413    i.STORAGE_Init_FS   usbd_storage_if.o
    0x0800277a   0x0800277a   0x00000004   Code   RO          414    i.STORAGE_IsReady_FS  usbd_storage_if.o
    0x0800277e   0x0800277e   0x00000004   Code   RO          415    i.STORAGE_IsWriteProtected_FS  usbd_storage_if.o
    0x08002782   0x08002782   0x00000002   PAD
    0x08002784   0x08002784   0x00000018   Code   RO          416    i.STORAGE_Read_FS   usbd_storage_if.o
    0x0800279c   0x0800279c   0x00000018   Code   RO          417    i.STORAGE_Write_FS  usbd_storage_if.o
    0x080027b4   0x080027b4   0x00000002   Code   RO          172    i.SVC_Handler       stm32f4xx_it.o
    0x080027b6   0x080027b6   0x0000000a   Code   RO         2630    i.SWAPBYTE          usbd_ctlreq.o
    0x080027c0   0x080027c0   0x00000004   Code   RO          173    i.SysTick_Handler   stm32f4xx_it.o
    0x080027c4   0x080027c4   0x00000094   Code   RO           14    i.SystemClock_Config  main.o
    0x08002858   0x08002858   0x00000010   Code   RO         2434    i.SystemInit        system_stm32f4xx.o
    0x08002868   0x08002868   0x00000014   Code   RO         2471    i.USBD_ClrClassConfig  usbd_core.o
    0x0800287c   0x0800287c   0x00000004   Code   RO         2472    i.USBD_CoreFindEP   usbd_core.o
    0x08002880   0x08002880   0x00000004   Code   RO         2473    i.USBD_CoreFindIF   usbd_core.o
    0x08002884   0x08002884   0x00000010   Code   RO         2703    i.USBD_CtlContinueRx  usbd_ioreq.o
    0x08002894   0x08002894   0x00000010   Code   RO         2704    i.USBD_CtlContinueSendData  usbd_ioreq.o
    0x080028a4   0x080028a4   0x00000016   Code   RO         2631    i.USBD_CtlError     usbd_ctlreq.o
    0x080028ba   0x080028ba   0x00000016   Code   RO         2706    i.USBD_CtlReceiveStatus  usbd_ioreq.o
    0x080028d0   0x080028d0   0x0000001a   Code   RO         2707    i.USBD_CtlSendData  usbd_ioreq.o
    0x080028ea   0x080028ea   0x00000016   Code   RO         2708    i.USBD_CtlSendStatus  usbd_ioreq.o
    0x08002900   0x08002900   0x00000020   Code   RO          326    i.USBD_FS_ConfigStrDescriptor  usbd_desc.o
    0x08002920   0x08002920   0x0000000c   Code   RO          327    i.USBD_FS_DeviceDescriptor  usbd_desc.o
    0x0800292c   0x0800292c   0x00000024   Code   RO          328    i.USBD_FS_InterfaceStrDescriptor  usbd_desc.o
    0x08002950   0x08002950   0x0000000c   Code   RO          329    i.USBD_FS_LangIDStrDescriptor  usbd_desc.o
    0x0800295c   0x0800295c   0x00000028   Code   RO          330    i.USBD_FS_ManufacturerStrDescriptor  usbd_desc.o
    0x08002984   0x08002984   0x00000028   Code   RO          331    i.USBD_FS_ProductStrDescriptor  usbd_desc.o
    0x080029ac   0x080029ac   0x00000038   Code   RO          332    i.USBD_FS_SerialStrDescriptor  usbd_desc.o
    0x080029e4   0x080029e4   0x000000e6   Code   RO         2632    i.USBD_GetDescriptor  usbd_ctlreq.o
    0x08002aca   0x08002aca   0x0000003a   Code   RO         2475    i.USBD_GetEpDesc    usbd_core.o
    0x08002b04   0x08002b04   0x0000000e   Code   RO         2476    i.USBD_GetNextDesc  usbd_core.o
    0x08002b12   0x08002b12   0x00000048   Code   RO         2633    i.USBD_GetString    usbd_ctlreq.o
    0x08002b5a   0x08002b5a   0x00000018   Code   RO          486    i.USBD_Get_USB_Status  usbd_conf.o
    0x08002b72   0x08002b72   0x00000026   Code   RO         2477    i.USBD_Init         usbd_core.o
    0x08002b98   0x08002b98   0x00000012   Code   RO          487    i.USBD_LL_ClearStallEP  usbd_conf.o
    0x08002baa   0x08002baa   0x00000012   Code   RO          488    i.USBD_LL_CloseEP   usbd_conf.o
    0x08002bbc   0x08002bbc   0x000000b6   Code   RO         2478    i.USBD_LL_DataInStage  usbd_core.o
    0x08002c72   0x08002c72   0x0000008e   Code   RO         2479    i.USBD_LL_DataOutStage  usbd_core.o
    0x08002d00   0x08002d00   0x00000004   Code   RO         2480    i.USBD_LL_DevConnected  usbd_core.o
    0x08002d04   0x08002d04   0x0000001e   Code   RO         2481    i.USBD_LL_DevDisconnected  usbd_core.o
    0x08002d22   0x08002d22   0x00000012   Code   RO          491    i.USBD_LL_FlushEP   usbd_conf.o
    0x08002d34   0x08002d34   0x00000008   Code   RO          492    i.USBD_LL_GetRxDataSize  usbd_conf.o
    0x08002d3c   0x08002d3c   0x00000060   Code   RO          493    i.USBD_LL_Init      usbd_conf.o
    0x08002d9c   0x08002d9c   0x00000020   Code   RO          494    i.USBD_LL_IsStallEP  usbd_conf.o
    0x08002dbc   0x08002dbc   0x00000028   Code   RO         2482    i.USBD_LL_IsoINIncomplete  usbd_core.o
    0x08002de4   0x08002de4   0x00000028   Code   RO         2483    i.USBD_LL_IsoOUTIncomplete  usbd_core.o
    0x08002e0c   0x08002e0c   0x00000018   Code   RO          495    i.USBD_LL_OpenEP    usbd_conf.o
    0x08002e24   0x08002e24   0x00000012   Code   RO          496    i.USBD_LL_PrepareReceive  usbd_conf.o
    0x08002e36   0x08002e36   0x0000005c   Code   RO         2484    i.USBD_LL_Reset     usbd_core.o
    0x08002e92   0x08002e92   0x00000014   Code   RO         2485    i.USBD_LL_Resume    usbd_core.o
    0x08002ea6   0x08002ea6   0x0000001a   Code   RO         2486    i.USBD_LL_SOF       usbd_core.o
    0x08002ec0   0x08002ec0   0x00000006   Code   RO         2487    i.USBD_LL_SetSpeed  usbd_core.o
    0x08002ec6   0x08002ec6   0x00000012   Code   RO          497    i.USBD_LL_SetUSBAddress  usbd_conf.o
    0x08002ed8   0x08002ed8   0x00000060   Code   RO         2488    i.USBD_LL_SetupStage  usbd_core.o
    0x08002f38   0x08002f38   0x00000012   Code   RO          498    i.USBD_LL_StallEP   usbd_conf.o
    0x08002f4a   0x08002f4a   0x00000012   Code   RO          499    i.USBD_LL_Start     usbd_conf.o
    0x08002f5c   0x08002f5c   0x00000012   Code   RO         2489    i.USBD_LL_Suspend   usbd_core.o
    0x08002f6e   0x08002f6e   0x00000012   Code   RO          501    i.USBD_LL_Transmit  usbd_conf.o
    0x08002f80   0x08002f80   0x0000000a   Code   RO         2763    i.USBD_MSC_DataIn   usbd_msc.o
    0x08002f8a   0x08002f8a   0x0000000a   Code   RO         2764    i.USBD_MSC_DataOut  usbd_msc.o
    0x08002f94   0x08002f94   0x00000074   Code   RO         2765    i.USBD_MSC_DeInit   usbd_msc.o
    0x08003008   0x08003008   0x0000000c   Code   RO         2766    i.USBD_MSC_GetDeviceQualifierDescriptor  usbd_msc.o
    0x08003014   0x08003014   0x0000002c   Code   RO         2767    i.USBD_MSC_GetFSCfgDesc  usbd_msc.o
    0x08003040   0x08003040   0x00000030   Code   RO         2768    i.USBD_MSC_GetHSCfgDesc  usbd_msc.o
    0x08003070   0x08003070   0x0000002c   Code   RO         2769    i.USBD_MSC_GetOtherSpeedCfgDesc  usbd_msc.o
    0x0800309c   0x0800309c   0x000000ac   Code   RO         2770    i.USBD_MSC_Init     usbd_msc.o
    0x08003148   0x08003148   0x00000016   Code   RO         2771    i.USBD_MSC_RegisterStorage  usbd_msc.o
    0x0800315e   0x0800315e   0x000000dc   Code   RO         2772    i.USBD_MSC_Setup    usbd_msc.o
    0x0800323a   0x0800323a   0x0000002c   Code   RO         2634    i.USBD_ParseSetupRequest  usbd_ctlreq.o
    0x08003266   0x08003266   0x0000003a   Code   RO         2490    i.USBD_RegisterClass  usbd_core.o
    0x080032a0   0x080032a0   0x00000014   Code   RO         2492    i.USBD_SetClassConfig  usbd_core.o
    0x080032b4   0x080032b4   0x000000b8   Code   RO         2635    i.USBD_SetConfig    usbd_ctlreq.o
    0x0800336c   0x0800336c   0x00000004   Code   RO         2493    i.USBD_Start        usbd_core.o
    0x08003370   0x08003370   0x0000012c   Code   RO         2636    i.USBD_StdDevReq    usbd_ctlreq.o
    0x0800349c   0x0800349c   0x00000160   Code   RO         2637    i.USBD_StdEPReq     usbd_ctlreq.o
    0x080035fc   0x080035fc   0x00000072   Code   RO         2638    i.USBD_StdItfReq    usbd_ctlreq.o
    0x0800366e   0x0800366e   0x00000002   Code   RO          502    i.USBD_static_free  usbd_conf.o
    0x08003670   0x08003670   0x00000008   Code   RO          503    i.USBD_static_malloc  usbd_conf.o
    0x08003678   0x08003678   0x00000080   Code   RO          961    i.USB_ActivateEndpoint  stm32f4xx_ll_usb.o
    0x080036f8   0x080036f8   0x0000001c   Code   RO          963    i.USB_ActivateSetup  stm32f4xx_ll_usb.o
    0x08003714   0x08003714   0x00000074   Code   RO          965    i.USB_CoreInit      stm32f4xx_ll_usb.o
    0x08003788   0x08003788   0x00000040   Code   RO          966    i.USB_CoreReset     stm32f4xx_ll_usb.o
    0x080037c8   0x080037c8   0x000000cc   Code   RO          969    i.USB_DeactivateEndpoint  stm32f4xx_ll_usb.o
    0x08003894   0x08003894   0x0000001c   Code   RO          970    i.USB_DevConnect    stm32f4xx_ll_usb.o
    0x080038b0   0x080038b0   0x0000001c   Code   RO          971    i.USB_DevDisconnect  stm32f4xx_ll_usb.o
    0x080038cc   0x080038cc   0x00000174   Code   RO          972    i.USB_DevInit       stm32f4xx_ll_usb.o
    0x08003a40   0x08003a40   0x0000000c   Code   RO          973    i.USB_DisableGlobalInt  stm32f4xx_ll_usb.o
    0x08003a4c   0x08003a4c   0x0000011c   Code   RO          976    i.USB_EP0StartXfer  stm32f4xx_ll_usb.o
    0x08003b68   0x08003b68   0x00000058   Code   RO          977    i.USB_EP0_OutStart  stm32f4xx_ll_usb.o
    0x08003bc0   0x08003bc0   0x00000058   Code   RO          978    i.USB_EPClearStall  stm32f4xx_ll_usb.o
    0x08003c18   0x08003c18   0x00000058   Code   RO          979    i.USB_EPSetStall    stm32f4xx_ll_usb.o
    0x08003c70   0x08003c70   0x000001e4   Code   RO          980    i.USB_EPStartXfer   stm32f4xx_ll_usb.o
    0x08003e54   0x08003e54   0x0000009e   Code   RO          981    i.USB_EPStopXfer    stm32f4xx_ll_usb.o
    0x08003ef2   0x08003ef2   0x0000000c   Code   RO          982    i.USB_EnableGlobalInt  stm32f4xx_ll_usb.o
    0x08003efe   0x08003efe   0x00000002   PAD
    0x08003f00   0x08003f00   0x0000003c   Code   RO          983    i.USB_FlushRxFifo   stm32f4xx_ll_usb.o
    0x08003f3c   0x08003f3c   0x00000040   Code   RO          984    i.USB_FlushTxFifo   stm32f4xx_ll_usb.o
    0x08003f7c   0x08003f7c   0x0000001a   Code   RO          986    i.USB_GetDevSpeed   stm32f4xx_ll_usb.o
    0x08003f96   0x08003f96   0x00000008   Code   RO          988    i.USB_GetMode       stm32f4xx_ll_usb.o
    0x08003f9e   0x08003f9e   0x0000000e   Code   RO          995    i.USB_ReadDevAllInEpInterrupt  stm32f4xx_ll_usb.o
    0x08003fac   0x08003fac   0x0000000e   Code   RO          996    i.USB_ReadDevAllOutEpInterrupt  stm32f4xx_ll_usb.o
    0x08003fba   0x08003fba   0x00000024   Code   RO          997    i.USB_ReadDevInEPInterrupt  stm32f4xx_ll_usb.o
    0x08003fde   0x08003fde   0x00000010   Code   RO          998    i.USB_ReadDevOutEPInterrupt  stm32f4xx_ll_usb.o
    0x08003fee   0x08003fee   0x00000008   Code   RO          999    i.USB_ReadInterrupts  stm32f4xx_ll_usb.o
    0x08003ff6   0x08003ff6   0x0000003e   Code   RO         1000    i.USB_ReadPacket    stm32f4xx_ll_usb.o
    0x08004034   0x08004034   0x0000005c   Code   RO         1002    i.USB_SetCurrentMode  stm32f4xx_ll_usb.o
    0x08004090   0x08004090   0x00000022   Code   RO         1003    i.USB_SetDevAddress  stm32f4xx_ll_usb.o
    0x080040b2   0x080040b2   0x00000002   PAD
    0x080040b4   0x080040b4   0x000000e8   Code   RO         1005    i.USB_SetTurnaroundTime  stm32f4xx_ll_usb.o
    0x0800419c   0x0800419c   0x00000028   Code   RO         1008    i.USB_WritePacket   stm32f4xx_ll_usb.o
    0x080041c4   0x080041c4   0x00000002   Code   RO          174    i.UsageFault_Handler  stm32f4xx_it.o
    0x080041c6   0x080041c6   0x00000020   Code   RO         2022    i.__NVIC_SetPriority  stm32f4xx_hal_cortex.o
    0x080041e6   0x080041e6   0x00000002   PAD
    0x080041e8   0x080041e8   0x00000038   Code   RO           15    i.main              main.o
    0x08004220   0x08004220   0x0000000a   Code   RO         3169    x$fpl$fpinit        fz_wm.l(fpinit.o)
    0x0800422a   0x0800422a   0x00000024   Data   RO          419    .constdata          usbd_storage_if.o
    0x0800424e   0x0800424e   0x00000010   Data   RO         2435    .constdata          system_stm32f4xx.o
    0x0800425e   0x0800425e   0x00000002   PAD
    0x08004260   0x08004260   0x00000030   Data   RO         3225    Region$$Table       anon$$obj.o


    Execution Region RW_IRAM1 (Exec base: 0x20000000, Load base: 0x08004290, Size: 0x00019200, Max: 0x0001c000, ABSOLUTE)

    Exec Addr    Load Addr    Size         Type   Attr      Idx    E Section Name        Object

    0x20000000        -       0x00000200   Zero   RW          333    .bss                usbd_desc.o
    0x20000200        -       0x00019000   Zero   RW          418    .bss                usbd_storage_if.o


    Execution Region RW_IRAM2 (Exec base: 0x2001c000, Load base: 0x08004290, Size: 0x000011f0, Max: 0x00004000, ABSOLUTE, COMPRESSED[0x000000ac])

    Exec Addr    Load Addr    Size         Type   Attr      Idx    E Section Name        Object

    0x2001c000   COMPRESSED   0x0000001c   Data   RW          334    .data               usbd_desc.o
    0x2001c01c   COMPRESSED   0x00000032   Data   RW          335    .data               usbd_desc.o
    0x2001c04e   COMPRESSED   0x00000002   PAD
    0x2001c050   COMPRESSED   0x00000020   Data   RW          420    .data               usbd_storage_if.o
    0x2001c070   COMPRESSED   0x0000000c   Data   RW         2166    .data               stm32f4xx_hal.o
    0x2001c07c   COMPRESSED   0x00000004   Data   RW         2437    .data               system_stm32f4xx.o
    0x2001c080   COMPRESSED   0x00000001   Data   RW         2639    .data               usbd_ctlreq.o
    0x2001c081   COMPRESSED   0x00000003   PAD
    0x2001c084   COMPRESSED   0x00000038   Data   RW         2773    .data               usbd_msc.o
    0x2001c0bc   COMPRESSED   0x0000002e   Data   RW         2774    .data               usbd_msc.o
    0x2001c0ea   COMPRESSED   0x00000006   Data   RW         2919    .data               usbd_msc_data.o
    0x2001c0f0   COMPRESSED   0x00000008   Data   RW         2920    .data               usbd_msc_data.o
    0x2001c0f8   COMPRESSED   0x00000017   Data   RW         2921    .data               usbd_msc_data.o
    0x2001c10f   COMPRESSED   0x0000001b   Data   RW         2922    .data               usbd_msc_data.o
    0x2001c12a   COMPRESSED   0x00000002   PAD
    0x2001c12c        -       0x000002dc   Zero   RW          272    .bss                usb_device.o
    0x2001c408        -       0x00000784   Zero   RW          504    .bss                usbd_conf.o
    0x2001cb8c        -       0x00000060   Zero   RW         3099    .bss                c_w.l(libspace.o)
    0x2001cbec   COMPRESSED   0x00000004   PAD
    0x2001cbf0        -       0x00000200   Zero   RW            2    HEAP                startup_stm32f407xx.o
    0x2001cdf0        -       0x00000400   Zero   RW            1    STACK               startup_stm32f407xx.o


==============================================================================

Image component sizes


      Code (inc. data)   RO Data    RW Data    ZI Data      Debug   Object Name

       208         14          0          0          0     650400   main.o
        64         26        392          0       1536        828   startup_stm32f407xx.o
       180         28          0         12          0       9293   stm32f4xx_hal.o
       198         14          0          0          0      33863   stm32f4xx_hal_cortex.o
       496         46          0          0          0       1508   stm32f4xx_hal_gpio.o
        48          6          0          0          0        826   stm32f4xx_hal_msp.o
      2690         12          0          0          0      14227   stm32f4xx_hal_pcd.o
        78          0          0          0          0       2345   stm32f4xx_hal_pcd_ex.o
      1292         54          0          0          0       4458   stm32f4xx_hal_rcc.o
        32          6          0          0          0       4498   stm32f4xx_it.o
      2888        134          0          0          0      23555   stm32f4xx_ll_usb.o
        16          4         16          4          0       1087   system_stm32f4xx.o
        84         18          0          0        732       5467   usb_device.o
       662         24          0          0       1924      17054   usbd_conf.o
       916          0          0          0          0      15143   usbd_core.o
      1328         28          0          1          0      14740   usbd_ctlreq.o
       284        100          0         78        512       6037   usbd_desc.o
       102          0          0          0          0       3732   usbd_ioreq.o
       698         26          0        102          0       9733   usbd_msc.o
       842         58          0          0          0       7590   usbd_msc_bot.o
         0          0          0         64          0        905   usbd_msc_data.o
      2434         36          0          0          0      17092   usbd_msc_scsi.o
        78         10         36         32     102400       4474   usbd_storage_if.o

    ----------------------------------------------------------------------
     15638        644        494        300     107104     848855   Object Totals
         0          0         48          0          0          0   (incl. Generated)
        20          0          2          7          0          0   (incl. Padding)

    ----------------------------------------------------------------------

      Code (inc. data)   RO Data    RW Data    ZI Data      Debug   Library Member Name

        90          0          0          0          0          0   __dczerorl2.o
         8          0          0          0          0         68   __main.o
         0          0          0          0          0          0   __rtentry.o
        12          0          0          0          0          0   __rtentry2.o
         6          0          0          0          0          0   __rtentry4.o
        52          8          0          0          0          0   __scatter.o
        28          0          0          0          0          0   __scatter_zi.o
        18          0          0          0          0         80   exit.o
         6          0          0          0          0        152   heapauxi.o
         0          0          0          0          0          0   indicate_semi.o
         2          0          0          0          0          0   libinit.o
         6          0          0          0          0          0   libinit2.o
         2          0          0          0          0          0   libshutdown.o
         2          0          0          0          0          0   libshutdown2.o
         8          4          0          0         96         68   libspace.o
       238          0          0          0          0        100   lludivv7m.o
        78          0          0          0          0         80   rt_memclr_w.o
       138          0          0          0          0         68   rt_memcpy_v6.o
       100          0          0          0          0         80   rt_memcpy_w.o
         2          0          0          0          0          0   rtexit.o
        10          0          0          0          0          0   rtexit2.o
        12          4          0          0          0         68   sys_exit.o
        74          0          0          0          0         80   sys_stackheap_outer.o
         2          0          0          0          0         68   use_no_semi.o
        10          0          0          0          0        116   fpinit.o

    ----------------------------------------------------------------------
       908         16          0          0        100       1028   Library Totals
         4          0          0          0          4          0   (incl. Padding)

    ----------------------------------------------------------------------

      Code (inc. data)   RO Data    RW Data    ZI Data      Debug   Library Name

       894         16          0          0         96        912   c_w.l
        10          0          0          0          0        116   fz_wm.l

    ----------------------------------------------------------------------
       908         16          0          0        100       1028   Library Totals

    ----------------------------------------------------------------------

==============================================================================


      Code (inc. data)   RO Data    RW Data    ZI Data      Debug   

     16546        660        494        300     107204     831219   Grand Totals
     16546        660        494        172     107204     831219   ELF Image Totals (compressed)
     16546        660        494        172          0          0   ROM Totals

==============================================================================

    Total RO  Size (Code + RO Data)                17040 (  16.64kB)
    Total RW  Size (RW Data + ZI Data)            107504 ( 104.98kB)
    Total ROM Size (Code + RO Data + RW Data)      17212 (  16.81kB)

==============================================================================

